PS C:\Users\YOONYOO\Desktop\파이썬꼬꼬마> cd("C:\Users\YOONYOO\Desktop\파이썬꼬꼬
마\modules")
PS C:\Users\YOONYOO\Desktop\파이썬꼬꼬마\modules> python 250924_journal.py
🌙 오늘을 놓아주는 한 문장은? 잠들지 않은 새벽
새벽. 오늘도 이롯이의 도움을 받고, 어제보다 조금 더 나은 내가 되길 바라며.       

저장 완료! journal.txt 파일에서 확인해보세요. 📖
PS C:\Users\YOONYOO\Desktop\파이썬꼬꼬마\modules> python 250924_journal.py       
🌙 오늘을 놓아주는 한 문장은? 줄바꾸기 도전하고 자야지. 
✨ 오늘을 마무리하며 놓아두고 싶은 말은? (엔터로 줄바꿈, 빈 줄로 종료)
줄바꾸기가 될까?
되었으면 좋겠다. 성공하면 꼭 포트폴리오도 올리고 자야지. 오늘도 수고했어.        

저장 완료! journal.txt 파일에서 확인해보세요. 📖
final_ver : 'final_ver' 용어가 cmdlet, 함수, 스크립트 파일 또는 실행할 수 있는   
프로그램 이름으로 인식되지 않습니다. 이름이 정확한지 확인하고 경로가 포함된 경우 
 경로가 올바른지 검증한 다음 다시 시도하십시오.
위치 줄:1 문자:23
+ python 250924_journal(final_ver).py
+                       ~~~~~~~~~
    + CategoryInfo          : ObjectNotFound: (final_ver:String) [], CommandNot  
   FoundException
    + FullyQualifiedErrorId : CommandNotFoundException
 
PS C:\Users\YOONYOO\Desktop\파이썬꼬꼬마\modules> python 250924_journal_final_ver.py
다이어리 기록과 합쳐봤다. 잘하고있어. 노력하는 네모습이 기특해.

저장 완료! journal.txt 파일에서 확인해보세요. 📖

🧠 감정 분석 결과
긍정 키워드 수: 2
부정 키워드 수: 0
감정 점수: 2
🌈 오늘은 자기 회복과 희망이 가득한 날이야. 호랑이 컴퓨터가 정현이를 지켜보고 있 
어!
PS C:\Users\YOONYOO\Desktop\파이썬꼬꼬마\modules> python 250925_journal_final_ver.py
🌙 오늘을 놓아주는 한 문장은? 이제 정말 졸려어어
✨ 오늘을 마무리하며 놓아두고 싶은 말은? (엔터로 줄바꿈, 빈 줄로 종료)
잘하고있어. 노력하는 모습이 기특해.                    
지치고 힘들긴한데, 더 나은 내가 되길 바라며 마지막까지 바짝! 해본다. 화이팅!

저장 완료! journal.txt 파일에서 확인해보세요. 📖
PS C:\Users\YOONYOO\Desktop\파이썬꼬꼬마\modules> 