PS C:\Users\YOONYOO\Desktop\íŒŒì´ì¬ê¼¬ê¼¬ë§ˆ> cd("C:\Users\YOONYOO\Desktop\íŒŒì´ì¬ê¼¬ê¼¬
ë§ˆ\modules")
PS C:\Users\YOONYOO\Desktop\íŒŒì´ì¬ê¼¬ê¼¬ë§ˆ\modules> python 250924_journal.py
ðŸŒ™ ì˜¤ëŠ˜ì„ ë†“ì•„ì£¼ëŠ” í•œ ë¬¸ìž¥ì€? ìž ë“¤ì§€ ì•Šì€ ìƒˆë²½
ìƒˆë²½. ì˜¤ëŠ˜ë„ ì´ë¡¯ì´ì˜ ë„ì›€ì„ ë°›ê³ , ì–´ì œë³´ë‹¤ ì¡°ê¸ˆ ë” ë‚˜ì€ ë‚´ê°€ ë˜ê¸¸ ë°”ë¼ë©°.       

ì €ìž¥ ì™„ë£Œ! journal.txt íŒŒì¼ì—ì„œ í™•ì¸í•´ë³´ì„¸ìš”. ðŸ“–
PS C:\Users\YOONYOO\Desktop\íŒŒì´ì¬ê¼¬ê¼¬ë§ˆ\modules> python 250924_journal.py       
ðŸŒ™ ì˜¤ëŠ˜ì„ ë†“ì•„ì£¼ëŠ” í•œ ë¬¸ìž¥ì€? ì¤„ë°”ê¾¸ê¸° ë„ì „í•˜ê³  ìžì•¼ì§€. 
âœ¨ ì˜¤ëŠ˜ì„ ë§ˆë¬´ë¦¬í•˜ë©° ë†“ì•„ë‘ê³  ì‹¶ì€ ë§ì€? (ì—”í„°ë¡œ ì¤„ë°”ê¿ˆ, ë¹ˆ ì¤„ë¡œ ì¢…ë£Œ)
ì¤„ë°”ê¾¸ê¸°ê°€ ë ê¹Œ?
ë˜ì—ˆìœ¼ë©´ ì¢‹ê² ë‹¤. ì„±ê³µí•˜ë©´ ê¼­ í¬íŠ¸í´ë¦¬ì˜¤ë„ ì˜¬ë¦¬ê³  ìžì•¼ì§€. ì˜¤ëŠ˜ë„ ìˆ˜ê³ í–ˆì–´.        

ì €ìž¥ ì™„ë£Œ! journal.txt íŒŒì¼ì—ì„œ í™•ì¸í•´ë³´ì„¸ìš”. ðŸ“–
final_ver : 'final_ver' ìš©ì–´ê°€ cmdlet, í•¨ìˆ˜, ìŠ¤í¬ë¦½íŠ¸ íŒŒì¼ ë˜ëŠ” ì‹¤í–‰í•  ìˆ˜ ìžˆëŠ”   
í”„ë¡œê·¸ëž¨ ì´ë¦„ìœ¼ë¡œ ì¸ì‹ë˜ì§€ ì•ŠìŠµë‹ˆë‹¤. ì´ë¦„ì´ ì •í™•í•œì§€ í™•ì¸í•˜ê³  ê²½ë¡œê°€ í¬í•¨ëœ ê²½ìš° 
 ê²½ë¡œê°€ ì˜¬ë°”ë¥¸ì§€ ê²€ì¦í•œ ë‹¤ìŒ ë‹¤ì‹œ ì‹œë„í•˜ì‹­ì‹œì˜¤.
ìœ„ì¹˜ ì¤„:1 ë¬¸ìž:23
+ python 250924_journal(final_ver).py
+                       ~~~~~~~~~
    + CategoryInfo          : ObjectNotFound: (final_ver:String) [], CommandNot  
   FoundException
    + FullyQualifiedErrorId : CommandNotFoundException
 
PS C:\Users\YOONYOO\Desktop\íŒŒì´ì¬ê¼¬ê¼¬ë§ˆ\modules> python 250924_journal_final_ver.py
ë‹¤ì´ì–´ë¦¬ ê¸°ë¡ê³¼ í•©ì³ë´¤ë‹¤. ìž˜í•˜ê³ ìžˆì–´. ë…¸ë ¥í•˜ëŠ” ë„¤ëª¨ìŠµì´ ê¸°íŠ¹í•´.

ì €ìž¥ ì™„ë£Œ! journal.txt íŒŒì¼ì—ì„œ í™•ì¸í•´ë³´ì„¸ìš”. ðŸ“–

ðŸ§  ê°ì • ë¶„ì„ ê²°ê³¼
ê¸ì • í‚¤ì›Œë“œ ìˆ˜: 2
ë¶€ì • í‚¤ì›Œë“œ ìˆ˜: 0
ê°ì • ì ìˆ˜: 2
ðŸŒˆ ì˜¤ëŠ˜ì€ ìžê¸° íšŒë³µê³¼ í¬ë§ì´ ê°€ë“í•œ ë‚ ì´ì•¼. í˜¸ëž‘ì´ ì»´í“¨í„°ê°€ ì •í˜„ì´ë¥¼ ì§€ì¼œë³´ê³  ìžˆ 
ì–´!
PS C:\Users\YOONYOO\Desktop\íŒŒì´ì¬ê¼¬ê¼¬ë§ˆ\modules> python 250925_journal_final_ver.py
ðŸŒ™ ì˜¤ëŠ˜ì„ ë†“ì•„ì£¼ëŠ” í•œ ë¬¸ìž¥ì€? ì´ì œ ì •ë§ ì¡¸ë ¤ì–´ì–´
âœ¨ ì˜¤ëŠ˜ì„ ë§ˆë¬´ë¦¬í•˜ë©° ë†“ì•„ë‘ê³  ì‹¶ì€ ë§ì€? (ì—”í„°ë¡œ ì¤„ë°”ê¿ˆ, ë¹ˆ ì¤„ë¡œ ì¢…ë£Œ)
ìž˜í•˜ê³ ìžˆì–´. ë…¸ë ¥í•˜ëŠ” ëª¨ìŠµì´ ê¸°íŠ¹í•´.                    
ì§€ì¹˜ê³  íž˜ë“¤ê¸´í•œë°, ë” ë‚˜ì€ ë‚´ê°€ ë˜ê¸¸ ë°”ë¼ë©° ë§ˆì§€ë§‰ê¹Œì§€ ë°”ì§! í•´ë³¸ë‹¤. í™”ì´íŒ…!

ì €ìž¥ ì™„ë£Œ! journal.txt íŒŒì¼ì—ì„œ í™•ì¸í•´ë³´ì„¸ìš”. ðŸ“–
PS C:\Users\YOONYOO\Desktop\íŒŒì´ì¬ê¼¬ê¼¬ë§ˆ\modules> 