PS C:\Users\YOONYOO> Python 250923_upgradejournal.py
no 2] No such file or directory
PS C:\Users\YOONYOO\Desktop\ÌååÏù¥Ïç¨Íº¨Íº¨Îßà> Python 250923_upgradejournal.py
Traceback (most recent call last):
  File "C:\Users\YOONYOO\Desktop\ÌååÏù¥Ïç¨Íº¨Íº¨Îßà\250923_upgradejournal.py", line 48, in <module>
    make_pdf_book()
    ~~~~~~~~~~~~~^^
  File "C:\Users\YOONYOO\Desktop\ÌååÏù¥Ïç¨Íº¨Íº¨Îßà\250923_upgradejournal.py", line 9, in make_pdf_book
    files = sorted([os.path.join(folder, f) for f in os.listdir(folder) if f.endswith(".md")])
                                                     ~~~~~~~~~~^^^^^^^^
FileNotFoundError: [WinError 3] ÏßÄÏ†ïÎêú Í≤ΩÎ°úÎ•º Ï∞æÏùÑ Ïàò ÏóÜÏäµÎãàÎã§: 'journals'
PS C:\Users\YOONYOO\Desktop\ÌååÏù¥Ïç¨Íº¨Íº¨Îßà> Python 250923_upgradejournal.py
‚ö†Ô∏è Î≥ÄÌôòÌï† ÏùºÍ∏∞ ÌååÏùºÏù¥ ÏóÜÏäµÎãàÎã§.
PS C:\Users\YOONYOO\Desktop\ÌååÏù¥Ïç¨Íº¨Íº¨Îßà> Python 250923_upgradejournal.py
Traceback (most recent call last):
  File "C:\Users\YOONYOO\Desktop\ÌååÏù¥Ïç¨Íº¨Íº¨Îßà\250923_upgradejournal.py", line 51, in <module>
    make_pdf_book()
    ~~~~~~~~~~~~~^^
  File "C:\Users\YOONYOO\Desktop\ÌååÏù¥Ïç¨Íº¨Íº¨Îßà\250923_upgradejournal.py", line 37, in make_pdf_book
    pypandoc.convert_text(
    ~~~~~~~~~~~~~~~~~~~~~^
        merged_content,
        ^^^^^^^^^^^^^^^
    ...<7 lines>...
        ]
        ^
    )
    ^
  File "C:\Users\YOONYOO\anaconda3\Lib\site-packages\pypandoc\__init__.py", line 94, in convert_text       
    return _convert_input(source, format, 'string', to, extra_args=extra_args,
                          verify_format=verify_format, sandbox=sandbox,
                          cworkdir=cworkdir)
    raise RuntimeError(
        'Pandoc died with exitcode "%s" during conversion: %s' % (p.returncode, stderr)
RuntimeError: Pandoc died with exitcode "47" during conversion: [WARNING] Could not fetch resource cover.jppdflatex not found. Please select a different --pdf-engine or install pdflatex
PS C:\Users\YOONYOO\Desktop\ÌååÏù¥Ïç¨Íº¨Íº¨Îßà> ^C
PS C:\Users\YOONYOO\Desktop\ÌååÏù¥Ïç¨Íº¨Íº¨Îßà> Python 250923_sumi_dot
umi_dot': [Errno 2] No such file or directory
PS C:\Users\YOONYOO\Desktop\ÌååÏù¥Ïç¨Íº¨Íº¨Îßà> Python 250923_sumi_dot
umi_dot': [Errno 2] No such file or directory
PS C:\Users\YOONYOO\Desktop\ÌååÏù¥Ïç¨Íº¨Íº¨Îßà> python 250923_sumi_dot.py
sumi_dot_soft.jpg Ï†ÄÏû• ÏôÑÎ£å!
PS C:\Users\YOONYOO\Desktop\ÌååÏù¥Ïç¨Íº¨Íº¨Îßà> python 250923_sumi_dot.py
sumi_dot_soft.jpg Ï†ÄÏû• ÏôÑÎ£å!
PS C:\Users\YOONYOO\Desktop\ÌååÏù¥Ïç¨Íº¨Íº¨Îßà> Python Python 250923_upgradejournal.py
C:\Users\YOONYOO\anaconda3\python.exe: can't open file 'C:\\Users\\YOONYOO\\Desktop\\ÌååÏù¥Ïç¨Íº¨Íº¨Îßà\\Python': [Errno 2] No such file or directory
PS C:\Users\YOONYOO\Desktop\ÌååÏù¥Ïç¨Íº¨Íº¨Îßà> Python Python 250923_upgradejournal.py
C:\Users\YOONYOO\anaconda3\python.exe: can't open file 'C:\\Users\\YOONYOO\\Desktop\\ÌååÏù¥Ïç¨Íº¨Íº¨Îßà\\Python': [Errno 2] No such file or directory
PS C:\Users\YOONYOO\Desktop\ÌååÏù¥Ïç¨Íº¨Íº¨Îßà> python 250923_upgradejournal.py
Traceback (most recent call last):
  File "C:\Users\YOONYOO\Desktop\ÌååÏù¥Ïç¨Íº¨Íº¨Îßà\250923_upgradejournal.py", line 52, in <module>
    make_pdf_book()
    ~~~~~~~~~~~~~^^
  File "C:\Users\YOONYOO\Desktop\ÌååÏù¥Ïç¨Íº¨Íº¨Îßà\250923_upgradejournal.py", line 38, in make_pdf_book
    pypandoc.convert_text(
    ~~~~~~~~~~~~~~~~~~~~~^
        merged_content,
        ^^^^^^^^^^^^^^^
    ...<7 lines>...
        ]
        ^
    )
    ^
  File "C:\Users\YOONYOO\anaconda3\Lib\site-packages\pypandoc\__init__.py", line 94, in convert_text
    return _convert_input(source, format, 'string', to, extra_args=extra_args,
                          verify_format=verify_format, sandbox=sandbox,
                          cworkdir=cworkdir)
  File "C:\Users\YOONYOO\anaconda3\Lib\site-packages\pypandoc\__init__.py", line 472, in _convert_input    
    raise RuntimeError(
        'Pandoc died with exitcode "%s" during conversion: %s' % (p.returncode, stderr)
    )
RuntimeError: Pandoc died with exitcode "47" during conversion: [WARNING] Could not fetch resource cover.jpg: replacing image with description
pdflatex not found. Please select a different --pdf-engine or install pdflatex

PS C:\Users\YOONYOO\Desktop\ÌååÏù¥Ïç¨Íº¨Íº¨Îßà> ^C
PS C:\Users\YOONYOO\Desktop\ÌååÏù¥Ïç¨Íº¨Íº¨Îßà> python 250923_upgradejournal.py
Traceback (most recent call last):
  File "C:\Users\YOONYOO\Desktop\ÌååÏù¥Ïç¨Íº¨Íº¨Îßà\250923_upgradejournal.py", line 52, in <module>
    make_pdf_book()
    ~~~~~~~~~~~~~^^
  File "C:\Users\YOONYOO\Desktop\ÌååÏù¥Ïç¨Íº¨Íº¨Îßà\250923_upgradejournal.py", line 38, in make_pdf_book
    pypandoc.convert_text(
    ~~~~~~~~~~~~~~~~~~~~~^
        merged_content,
        ^^^^^^^^^^^^^^^
    ...<7 lines>...
        ]
        ^
    )
    ^
  File "C:\Users\YOONYOO\anaconda3\Lib\site-packages\pypandoc\__init__.py", line 94, in convert_text       
    return _convert_input(source, format, 'string', to, extra_args=extra_args,
                          outputfile=outputfile, filters=filters,
                          verify_format=verify_format, sandbox=sandbox,
                          cworkdir=cworkdir)
  File "C:\Users\YOONYOO\anaconda3\Lib\site-packages\pypandoc\__init__.py", line 472, in _convert_input    
    raise RuntimeError(
        'Pandoc died with exitcode "%s" during conversion: %s' % (p.returncode, stderr)
    )
RuntimeError: Pandoc died with exitcode "47" during conversion: [WARNING] Could not fetch resource cover.jpg: replacing image with description
[WARNING] Could not fetch resource cover.jpg: replacing image with description
pdflatex not found. Please select a different --pdf-engine or install pdflatex
PS C:\Users\YOONYOO> pdflatex --version
MiKTeX-pdfTeX 4.18 (MiKTeX 24.1)
¬© 1982 D. E. Knuth, ¬© 1996-2023 H√†n Th·∫ø Th√†nh
TeX is a trademark of the American Mathematical Society.
using bzip2 version 1.0.8, 13-Jul-2019
compiled with curl version 8.4.0; using libcurl/8.4.0 Schannel     
compiled with liblzma version 50040002; using 50040002
compiled with libpng version 1.6.39; using 1.6.39
compiled with libressl version LibreSSL 3.8.1; using LibreSSL 3.8.1
compiled with MiKTeX Application Framework version 4.8; using 4.8
compiled with MiKTeX Core version 4.23; using 4.23
compiled with MiKTeX Archive Extractor version 4.1; using 4.1
compiled with MiKTeX Package Manager version 4.10; using 4.10
compiled with uriparser version 0.9.7
compiled with zlib version 1.2.13; using 1.2.13
PS C:\Users\YOONYOO> cd("C:\Users\YOONYOO\Desktop\ÌååÏù¥Ïç¨Íº¨Íº¨Îßà")
PS C:\Users\YOONYOO\Desktop\ÌååÏù¥Ïç¨Íº¨Íº¨Îßà> Pyton 250923_upgradejournal.py
Pyton : 'Pyton' Ïö©Ïñ¥Í∞Ä cmdlet, Ìï®Ïàò, Ïä§ÌÅ¨Î¶ΩÌä∏ ÌååÏùº ÎòêÎäî Ïã§ÌñâÌï† Ïàò ÏûàÎäî ÌîÑÎ°úÍ∑∏Îû® Ïù¥Î¶ÑÏúºÎ°ú Ïù∏ÏãùÎêòÏßÄ ÏïäÏäµÎãàÎã§.    
 Ïù¥Î¶ÑÏù¥ Ï†ïÌôïÌïúÏßÄ ÌôïÏù∏ÌïòÍ≥† Í≤ΩÎ°úÍ∞Ä Ìè¨Ìï®Îêú Í≤ΩÏö∞ Í≤ΩÎ°úÍ∞Ä Ïò¨Î∞îÎ•∏ÏßÄ Í≤ÄÏ¶ùÌïú Îã§Ïùå Îã§Ïãú ÏãúÎèÑÌïòÏã≠ÏãúÏò§.
ÏúÑÏπò Ï§Ñ:1 Î¨∏Ïûê:1
+ Pyton 250923_upgradejournal.py
+ ~~~~~
    + CategoryInfo          : ObjectNotFound: (Pyton:String) [], CommandNotFoundException
    + FullyQualifiedErrorId : CommandNotFoundException

PS C:\Users\YOONYOO\Desktop\ÌååÏù¥Ïç¨Íº¨Íº¨Îßà> Python 250923_upgradejournal.py
Traceback (most recent call last):
  File "C:\Users\YOONYOO\Desktop\ÌååÏù¥Ïç¨Íº¨Íº¨Îßà\250923_upgradejournal.py", line 52, in <module>
    make_pdf_book()
    ~~~~~~~~~~~~~^^
  File "C:\Users\YOONYOO\Desktop\ÌååÏù¥Ïç¨Íº¨Íº¨Îßà\250923_upgradejournal.py", line 38, in make_pdf_book
    pypandoc.convert_text(
    ~~~~~~~~~~~~~~~~~~~~~^
        merged_content,
        ^^^^^^^^^^^^^^^
    ...<7 lines>...
        ]
        ^
    )
    ^
  File "C:\Users\YOONYOO\anaconda3\Lib\site-packages\pypandoc\__init__.py", line 94, in convert_text        
    return _convert_input(source, format, 'string', to, extra_args=extra_args,
                          outputfile=outputfile, filters=filters,
                          verify_format=verify_format, sandbox=sandbox,
                          cworkdir=cworkdir)
  File "C:\Users\YOONYOO\anaconda3\Lib\site-packages\pypandoc\__init__.py", line 472, in _convert_input     
    raise RuntimeError(
        'Pandoc died with exitcode "%s" during conversion: %s' % (p.returncode, stderr)
    )
RuntimeError: Pandoc died with exitcode "43" during conversion: [WARNING] Could not fetch resource cover.jpg: replacing image with description
[WARNING] Could not fetch resource cover.jpg: replacing image with description
Error producing PDF.

Type X to quit or <RETURN> to proceed,
or enter new name. (Default extension: sty)

Enter file name:
! Emergency stop.
<read *>

l.115 \RequirePackage{letltxmacro}[2008/06/13]


PS C:\Users\YOONYOO\Desktop\ÌååÏù¥Ïç¨Íº¨Íº¨Îßà> Python 250923_upgradejournal.py
Traceback (most recent call last):
  File "C:\Users\YOONYOO\Desktop\ÌååÏù¥Ïç¨Íº¨Íº¨Îßà\250923_upgradejournal.py", line 52, in <module>
    make_pdf_book()
    ~~~~~~~~~~~~~^^
  File "C:\Users\YOONYOO\Desktop\ÌååÏù¥Ïç¨Íº¨Íº¨Îßà\250923_upgradejournal.py", line 38, in make_pdf_book
    pypandoc.convert_text(
    ~~~~~~~~~~~~~~~~~~~~~^
        merged_content,
        ^^^^^^^^^^^^^^^
    ...<7 lines>...
        ]
        ^
    )
    ^
  File "C:\Users\YOONYOO\anaconda3\Lib\site-packages\pypandoc\__init__.py", line 94, in convert_text        
    return _convert_input(source, format, 'string', to, extra_args=extra_args,
                          outputfile=outputfile, filters=filters,
                          verify_format=verify_format, sandbox=sandbox,
                          cworkdir=cworkdir)
  File "C:\Users\YOONYOO\anaconda3\Lib\site-packages\pypandoc\__init__.py", line 472, in _convert_input     
    raise RuntimeError(
        'Pandoc died with exitcode "%s" during conversion: %s' % (p.returncode, stderr)
    )
RuntimeError: Pandoc died with exitcode "43" during conversion: [WARNING] Could not fetch resource cover.jpg: replacing image with description
[WARNING] Could not fetch resource cover.jpg: replacing image with description
! LaTeX Error: Unicode character üçÉ (U+1F343)
               not set up for use with LaTeX.

See the LaTeX manual or LaTeX Companion for explanation.
Type  H <return>  for immediate help.
 ...

l.58 \section{üçÉÏÇ¥Îûë, ÏÇ¥ÎûëüçÉ}


PS C:\Users\YOONYOO\Desktop\ÌååÏù¥Ïç¨Íº¨Íº¨Îßà> ^C
PS C:\Users\YOONYOO\Desktop\ÌååÏù¥Ïç¨Íº¨Íº¨Îßà> Python 250923_upgradejournal.py
Traceback (most recent call last):
  File "C:\Users\YOONYOO\Desktop\ÌååÏù¥Ïç¨Íº¨Íº¨Îßà\250923_upgradejournal.py", line 52, in <module>
    make_pdf_book()
    ~~~~~~~~~~~~~^^
  File "C:\Users\YOONYOO\Desktop\ÌååÏù¥Ïç¨Íº¨Íº¨Îßà\250923_upgradejournal.py", line 38, in make_pdf_book
    pypandoc.convert_text(
    ~~~~~~~~~~~~~~~~~~~~~^
        merged_content,
        ^^^^^^^^^^^^^^^
    ...<7 lines>...
        ]
        ^
    )
    ^
  File "C:\Users\YOONYOO\anaconda3\Lib\site-packages\pypandoc\__init__.py", line 94, in convert_text        
    return _convert_input(source, format, 'string', to, extra_args=extra_args,
                          outputfile=outputfile, filters=filters,
                          verify_format=verify_format, sandbox=sandbox,
                          cworkdir=cworkdir)
  File "C:\Users\YOONYOO\anaconda3\Lib\site-packages\pypandoc\__init__.py", line 472, in _convert_input
    raise RuntimeError(
        'Pandoc died with exitcode "%s" during conversion: %s' % (p.returncode, stderr)
    )
RuntimeError: Pandoc died with exitcode "43" during conversion: [WARNING] Could not fetch resource cover.jpg: replacing image with description
Error producing PDF.
! LaTeX Error: Unicode character üçÉ (U+1F343)
               not set up for use with LaTeX.

See the LaTeX manual or LaTeX Companion for explanation.
Type  H <return>  for immediate help.
 ...

l.58 \section{üçÉÏÇ¥Îûë, ÏÇ¥ÎûëüçÉ}


PS C:\Users\YOONYOO\Desktop\ÌååÏù¥Ïç¨Íº¨Íº¨Îßà> Python 250923_upgradejournal.py
Traceback (most recent call last):
  File "C:\Users\YOONYOO\Desktop\ÌååÏù¥Ïç¨Íº¨Íº¨Îßà\250923_upgradejournal.py", line 53, in <module>
    make_pdf_book()
    ~~~~~~~~~~~~~^^
  File "C:\Users\YOONYOO\Desktop\ÌååÏù¥Ïç¨Íº¨Íº¨Îßà\250923_upgradejournal.py", line 39, in make_pdf_book
    pypandoc.convert_text(
    ~~~~~~~~~~~~~~~~~~~~~^
        merged_content,
        ^^^^^^^^^^^^^^^
    ...<7 lines>...
        ]
        ^
    )
    ^
  File "C:\Users\YOONYOO\anaconda3\Lib\site-packages\pypandoc\__init__.py", line 94, in convert_text        
    return _convert_input(source, format, 'string', to, extra_args=extra_args,
                          outputfile=outputfile, filters=filters,
                          verify_format=verify_format, sandbox=sandbox,
                          cworkdir=cworkdir)
  File "C:\Users\YOONYOO\anaconda3\Lib\site-packages\pypandoc\__init__.py", line 472, in _convert_input     
    raise RuntimeError(
        'Pandoc died with exitcode "%s" during conversion: %s' % (p.returncode, stderr)
    )
RuntimeError: Pandoc died with exitcode "43" during conversion: [WARNING] Could not fetch resource cover.jpg: replacing image with description
! LaTeX Error: Unicode character ÏÇ¥ (U+C0B4)
               not set up for use with LaTeX.

See the LaTeX manual or LaTeX Companion for explanation.
Type  H <return>  for immediate help.
 ...

l.73 \section{ÏÇ¥Îûë, ÏÇ¥Îûë}


PS C:\Users\YOONYOO\Desktop\ÌååÏù¥Ïç¨Íº¨Íº¨Îßà> ^C
PS C:\Users\YOONYOO\Desktop\ÌååÏù¥Ïç¨Íº¨Íº¨Îßà> Python 250923_upgradejournal.py
Traceback (most recent call last):
  File "C:\Users\YOONYOO\Desktop\ÌååÏù¥Ïç¨Íº¨Íº¨Îßà\250923_upgradejournal.py", line 55, in <module>
    make_pdf_book()
    ~~~~~~~~~~~~~^^
  File "C:\Users\YOONYOO\Desktop\ÌååÏù¥Ïç¨Íº¨Íº¨Îßà\250923_upgradejournal.py", line 41, in make_pdf_book
    pypandoc.convert_text(
    ~~~~~~~~~~~~~~~~~~~~~^
        merged_content,
        ^^^^^^^^^^^^^^^
    ...<7 lines>...
        ]
        ^
    )
    ^
  File "C:\Users\YOONYOO\anaconda3\Lib\site-packages\pypandoc\__init__.py", line 94, in convert_text
    return _convert_input(source, format, 'string', to, extra_args=extra_args,
                          outputfile=outputfile, filters=filters,
                          verify_format=verify_format, sandbox=sandbox,
                          cworkdir=cworkdir)
  File "C:\Users\YOONYOO\anaconda3\Lib\site-packages\pypandoc\__init__.py", line 472, in _convert_input     
    raise RuntimeError(
        'Pandoc died with exitcode "%s" during conversion: %s' % (p.returncode, stderr)
RuntimeError: Pandoc died with exitcode "43" during conversion: Error producing PDF.
! LaTeX Error: Unicode character ÏÇ¥ (U+C0B4)
               not set up for use with LaTeX.

See the LaTeX manual or LaTeX Companion for explanation.
Type  H <return>  for immediate help.
 ...

l.73 \section{ÏÇ¥Îûë, ÏÇ¥Îûë}

PS C:\Users\YOONYOO> cd("C:\Users\YOONYOO\Desktop\ÌååÏù¥Ïç¨Íº¨Íº¨Îßà")
PS C:\Users\YOONYOO\Desktop\ÌååÏù¥Ïç¨Íº¨Íº¨Îßà> exit()
ÏúÑÏπò Ï§Ñ:1 Î¨∏Ïûê:6
+ exit()
+      ~
'(' Îí§Ïóê ÏãùÏù¥ ÏôÄÏïº Ìï©ÎãàÎã§.
    + CategoryInfo          : ParserError: (:) [], ParentContainsErrorRecordException
    + FullyQualifiedErrorId : ExpectedExpression
 
PS C:\Users\YOONYOO\Desktop\ÌååÏù¥Ïç¨Íº¨Íº¨Îßà>
 *  History restored 

PS C:\Users\YOONYOO> cd("C:\Users\YOONYOO\Desktop\ÌååÏù¥Ïç¨Íº¨Íº¨Îßà")
PS C:\Users\YOONYOO\Desktop\ÌååÏù¥Ïç¨Íº¨Íº¨Îßà> Python test_pdf.py
üñ®Ô∏è PDF Î≥ÄÌôò Ï§ë...
‚úÖ PDF Î≥ÄÌôò ÏôÑÎ£å! 'test.pdf' ÌååÏùºÏùÑ ÌôïÏù∏ÌïòÏÑ∏Ïöî.
‚è±Ô∏è Ï†ÑÏ≤¥ Ïã§Ìñâ ÏãúÍ∞Ñ: 82.95Ï¥à
PS C:\Users\YOONYOO\Desktop\ÌååÏù¥Ïç¨Íº¨Íº¨Îßà> Python 250923_upgradejournal.py
üöÄ PDF Î≥ÄÌôò ÏãúÏûë!
üìÅ journals Ìè¥Îçî ÌôïÏù∏ Ï§ë...
üìÑ .md ÌååÏùº Î∂àÎü¨Ïò§Îäî Ï§ë... 
üßæ ÌëúÏßÄ ÏÉùÏÑ± Ï§ë...
‚úÖ ÌëúÏßÄ ÏÉùÏÑ± ÏôÑÎ£å!
üì¶ ÌååÏùº Î≥ëÌï© Ï§ë...
üìÑ Î≥ëÌï© ÏßÑÌñâ: 100%|‚ñà‚ñà‚ñà‚ñà‚ñà‚ñà‚ñà‚ñà‚ñà‚ñà‚ñà‚ñà‚ñà‚ñà‚ñà‚ñà‚ñà‚ñà‚ñà‚ñà‚ñà‚ñà‚ñà‚ñà‚ñà‚ñà‚ñà‚ñà‚ñà‚ñà‚ñà‚ñà‚ñà‚ñà‚ñà‚ñà‚ñà‚ñà‚ñà‚ñà‚ñà‚ñà‚ñà‚ñà‚ñà‚ñà‚ñà‚ñà‚ñà‚ñà‚ñà‚ñà‚ñà‚ñà‚ñà‚ñà‚ñà‚ñà| 4/4 [00:00<00:00, 353.50it/s]
‚úÖ ÌååÏùº Î≥ëÌï© ÏôÑÎ£å!
üñ®Ô∏è PDF Î≥ÄÌôò Ï§ë (Ïû†Ïãú Í∏∞Îã§Î†§Ï£ºÏÑ∏Ïöî)...
Traceback (most recent call last):
  File "C:\Users\YOONYOO\Desktop\ÌååÏù¥Ïç¨Íº¨Íº¨Îßà\250923_upgradejournal.py", line 66, in <module>
    make_pdf_book()
    ~~~~~~~~~~~~~^^
  File "C:\Users\YOONYOO\Desktop\ÌååÏù¥Ïç¨Íº¨Íº¨Îßà\250923_upgradejournal.py", line 48, in make_pdf_book
    pypandoc.convert_text(
    ~~~~~~~~~~~~~~~~~~~~~^
        merged_content,
        ^^^^^^^^^^^^^^^
    ...<9 lines>...
        ]
        ^
    )
    ^
  File "C:\Users\YOONYOO\anaconda3\Lib\site-packages\pypandoc\__init__.py", line 94, in convert_text
    return _convert_input(source, format, 'string', to, extra_args=extra_args,
                          outputfile=outputfile, filters=filters,
                          verify_format=verify_format, sandbox=sandbox,
                          cworkdir=cworkdir)
  File "C:\Users\YOONYOO\anaconda3\Lib\site-packages\pypandoc\__init__.py", line 472, in _convert_input      
    raise RuntimeError(
        'Pandoc died with exitcode "%s" during conversion: %s' % (p.returncode, stderr)
    )
RuntimeError: Pandoc died with exitcode "43" during conversion: 
Sorry, but miktex-makemf did not succeed.

The log file hopefully contains the information to get MiKTeX going again:

  C:\Users\YOONYOO\AppData\Local\MiKTeX\miktex\log\miktex-makemf.log
Couldn't open `NanumGoth.cfg'

hbf2gf (CJK ver. 4.8.4)


Sorry, but miktex-maketfm did not succeed.


  C:\Users\YOONYOO\AppData\Local\MiKTeX\miktex\log\miktex-maketfm.log
Error producing PDF.
! Package fontspec Error: The font "NanumGothic" cannot be found.

For immediate help type H <return>.
 ...

l.23 \fi

PS C:\Users\YOONYOO> cd("C:\Users\YOONYOO\Desktop\ÌååÏù¥Ïç¨Íº¨Íº¨Îßà")
PS C:\Users\YOONYOO\Desktop\ÌååÏù¥Ïç¨Íº¨Íº¨Îßà> exit()
ÏúÑÏπò Ï§Ñ:1 Î¨∏Ïûê:6
+ exit()
+      ~
'(' Îí§Ïóê ÏãùÏù¥ ÏôÄÏïº Ìï©ÎãàÎã§.
    + CategoryInfo          : ParserError: (:) [], ParentContainsErrorRecordException
    + FullyQualifiedErrorId : ExpectedExpression
 
PS C:\Users\YOONYOO\Desktop\ÌååÏù¥Ïç¨Íº¨Íº¨Îßà>
 *  History restored 

PS C:\Users\YOONYOO> cd("C:\Users\YOONYOO\Desktop\ÌååÏù¥Ïç¨Íº¨Íº¨Îßà")
PS C:\Users\YOONYOO\Desktop\ÌååÏù¥Ïç¨Íº¨Íº¨Îßà> Python test_pdf.py
üñ®Ô∏è PDF Î≥ÄÌôò Ï§ë...
‚úÖ PDF Î≥ÄÌôò ÏôÑÎ£å! 'test.pdf' ÌååÏùºÏùÑ ÌôïÏù∏ÌïòÏÑ∏Ïöî.
‚è±Ô∏è Ï†ÑÏ≤¥ Ïã§Ìñâ ÏãúÍ∞Ñ: 82.95Ï¥à
PS C:\Users\YOONYOO\Desktop\ÌååÏù¥Ïç¨Íº¨Íº¨Îßà> Python 250923_upgradejournal.py
üöÄ PDF Î≥ÄÌôò ÏãúÏûë!
üìÅ journals Ìè¥Îçî ÌôïÏù∏ Ï§ë...
üìÑ .md ÌååÏùº Î∂àÎü¨Ïò§Îäî Ï§ë... 
üßæ ÌëúÏßÄ ÏÉùÏÑ± Ï§ë...
‚úÖ ÌëúÏßÄ ÏÉùÏÑ± ÏôÑÎ£å!
üì¶ ÌååÏùº Î≥ëÌï© Ï§ë...
üìÑ Î≥ëÌï© ÏßÑÌñâ: 100%|‚ñà‚ñà‚ñà‚ñà‚ñà‚ñà‚ñà‚ñà‚ñà‚ñà‚ñà‚ñà‚ñà‚ñà‚ñà‚ñà‚ñà‚ñà‚ñà‚ñà‚ñà‚ñà‚ñà‚ñà‚ñà‚ñà‚ñà‚ñà‚ñà‚ñà‚ñà‚ñà‚ñà‚ñà‚ñà‚ñà‚ñà‚ñà‚ñà‚ñà‚ñà‚ñà‚ñà‚ñà‚ñà‚ñà‚ñà‚ñà‚ñà‚ñà‚ñà‚ñà‚ñà‚ñà‚ñà‚ñà‚ñà‚ñà| 4/4 [00:00<00:00, 353.50it/s]
‚úÖ ÌååÏùº Î≥ëÌï© ÏôÑÎ£å!
üñ®Ô∏è PDF Î≥ÄÌôò Ï§ë (Ïû†Ïãú Í∏∞Îã§Î†§Ï£ºÏÑ∏Ïöî)...
Traceback (most recent call last):
  File "C:\Users\YOONYOO\Desktop\ÌååÏù¥Ïç¨Íº¨Íº¨Îßà\250923_upgradejournal.py", line 66, in <module>
    make_pdf_book()
    ~~~~~~~~~~~~~^^
  File "C:\Users\YOONYOO\Desktop\ÌååÏù¥Ïç¨Íº¨Íº¨Îßà\250923_upgradejournal.py", line 48, in make_pdf_book
    pypandoc.convert_text(
    ~~~~~~~~~~~~~~~~~~~~~^
        merged_content,
        ^^^^^^^^^^^^^^^
    ...<9 lines>...
        ]
        ^
    )
    ^
  File "C:\Users\YOONYOO\anaconda3\Lib\site-packages\pypandoc\__init__.py", line 94, in convert_text
    return _convert_input(source, format, 'string', to, extra_args=extra_args,
                          outputfile=outputfile, filters=filters,
                          verify_format=verify_format, sandbox=sandbox,
                          cworkdir=cworkdir)
  File "C:\Users\YOONYOO\anaconda3\Lib\site-packages\pypandoc\__init__.py", line 472, in _convert_input      
    raise RuntimeError(
        'Pandoc died with exitcode "%s" during conversion: %s' % (p.returncode, stderr)
    )
RuntimeError: Pandoc died with exitcode "43" during conversion: 
Sorry, but miktex-makemf did not succeed.

The log file hopefully contains the information to get MiKTeX going again:

  C:\Users\YOONYOO\AppData\Local\MiKTeX\miktex\log\miktex-makemf.log
Couldn't open `NanumGoth.cfg'

hbf2gf (CJK ver. 4.8.4)


Sorry, but miktex-maketfm did not succeed.


  C:\Users\YOONYOO\AppData\Local\MiKTeX\miktex\log\miktex-maketfm.log
Error producing PDF.
! Package fontspec Error: The font "NanumGothic" cannot be found.

For immediate help type H <return>.
 ...

l.23 \fi


PS C:\Users\YOONYOO\Desktop\ÌååÏù¥Ïç¨Íº¨Íº¨Îßà> Python 250923_upgradejournal.py
üöÄ PDF Î≥ÄÌôò ÏãúÏûë!
üìÅ journals Ìè¥Îçî ÌôïÏù∏ Ï§ë...
üìÑ .md ÌååÏùº Î∂àÎü¨Ïò§Îäî Ï§ë...
üßæ ÌëúÏßÄ ÏÉùÏÑ± Ï§ë...
‚úÖ ÌëúÏßÄ ÏÉùÏÑ± ÏôÑÎ£å!
üì¶ ÌååÏùº Î≥ëÌï© Ï§ë...
üìÑ Î≥ëÌï© ÏßÑÌñâ: 100%|‚ñà‚ñà‚ñà‚ñà‚ñà‚ñà‚ñà‚ñà‚ñà‚ñà‚ñà‚ñà‚ñà‚ñà‚ñà‚ñà‚ñà‚ñà‚ñà‚ñà‚ñà‚ñà‚ñà‚ñà‚ñà‚ñà‚ñà‚ñà‚ñà‚ñà‚ñà‚ñà‚ñà‚ñà‚ñà‚ñà‚ñà‚ñà‚ñà‚ñà‚ñà‚ñà‚ñà‚ñà‚ñà‚ñà‚ñà‚ñà‚ñà‚ñà‚ñà‚ñà‚ñà‚ñà‚ñà‚ñà‚ñà‚ñà| 4/4 [00:00<00:00, 655.13it/s]
‚úÖ ÌååÏùº Î≥ëÌï© ÏôÑÎ£å!
üñ®Ô∏è PDF Î≥ÄÌôò Ï§ë (Ïû†Ïãú Í∏∞Îã§Î†§Ï£ºÏÑ∏Ïöî)...
[WARNING] Missing character: There is no Ïó¨ (U+C5EC) in font [lmmono10-regular]:!
[WARNING] Missing character: There is no Ïó¨ (U+C5EC) in font [lmmono10-regular]:!
[WARNING] Missing character: There is no Ïó¨ (U+C5EC) in font [lmmono10-regular]:!
[WARNING] Missing character: There is no Îü¨ (U+B7EC) in font [lmmono10-regular]:!
[WARNING] Missing character: There is no Ìè¥ (U+D3F4) in font [lmmono10-regular]:!
[WARNING] Missing character: There is no Îçî (U+B354) in font [lmmono10-regular]:!
[WARNING] Missing character: There is no Ìåå (U+D30C) in font [lmmono10-regular]:!
[WARNING] Missing character: There is no Ïùº (U+C77C) in font [lmmono10-regular]:!
[WARNING] Missing character: There is no Î™© (U+BAA9) in font [lmmono10-regular]:!
[WARNING] Missing character: There is no Î°ù (U+B85D) in font [lmmono10-regular]:!
[WARNING] Missing character: There is no Ïö© (U+C6A9) in font [lmmono10-regular]:!
[WARNING] Missing character: There is no Ïñ¥ (U+C5B4) in font [lmmono10-regular]:!
[WARNING] Missing character: There is no Í∞Ä (U+AC00) in font [lmmono10-regular]:!
[WARNING] Missing character: There is no Ìï® (U+D568) in font [lmmono10-regular]:!
[WARNING] Missing character: There is no Ïàò (U+C218) in font [lmmono10-regular]:!
[WARNING] Missing character: There is no Ïä§ (U+C2A4) in font [lmmono10-regular]:!
[WARNING] Missing character: There is no ÌÅ¨ (U+D06C) in font [lmmono10-regular]:!
[WARNING] Missing character: There is no Î¶Ω (U+B9BD) in font [lmmono10-regular]:!
[WARNING] Missing character: There is no Ìä∏ (U+D2B8) in font [lmmono10-regular]:!
[WARNING] Missing character: There is no Ìåå (U+D30C) in font [lmmono10-regular]:!
[WARNING] Missing character: There is no Ïùº (U+C77C) in font [lmmono10-regular]:!
[WARNING] Missing character: There is no Îòê (U+B610) in font [lmmono10-regular]:!
[WARNING] Missing character: There is no Îäî (U+B294) in font [lmmono10-regular]:!
[WARNING] Missing character: There is no Ïã§ (U+C2E4) in font [lmmono10-regular]:!
[WARNING] Missing character: There is no Ìñâ (U+D589) in font [lmmono10-regular]:!
[WARNING] Missing character: There is no Ìï† (U+D560) in font [lmmono10-regular]:!
[WARNING] Missing character: There is no Ïàò (U+C218) in font [lmmono10-regular]:!
[WARNING] Missing character: There is no Ïûà (U+C788) in font [lmmono10-regular]:!
[WARNING] Missing character: There is no Îäî (U+B294) in font [lmmono10-regular]:!
[WARNING] Missing character: There is no Ïù¥ (U+C774) in font [lmmono10-regular]:!
[WARNING] Missing character: There is no Î¶Ñ (U+B984) in font [lmmono10-regular]:!
[WARNING] Missing character: There is no Ïù¥ (U+C774) in font [lmmono10-regular]:!
[WARNING] Missing character: There is no Ï†ï (U+C815) in font [lmmono10-regular]:!
[WARNING] Missing character: There is no Ìôï (U+D655) in font [lmmono10-regular]:!
[WARNING] Missing character: There is no Ìïú (U+D55C) in font [lmmono10-regular]:!
[WARNING] Missing character: There is no ÏßÄ (U+C9C0) in font [lmmono10-regular]:!
[WARNING] Missing character: There is no Ìôï (U+D655) in font [lmmono10-regular]:!
[WARNING] Missing character: There is no Ïù∏ (U+C778) in font [lmmono10-regular]:!
[WARNING] Missing character: There is no Ìïò (U+D558) in font [lmmono10-regular]:!
[WARNING] Missing character: There is no Í≥† (U+ACE0) in font [lmmono10-regular]:!
[WARNING] Missing character: There is no Í≤Ω (U+ACBD) in font [lmmono10-regular]:!
[WARNING] Missing character: There is no Î°ú (U+B85C) in font [lmmono10-regular]:!
[WARNING] Missing character: There is no Í∞Ä (U+AC00) in font [lmmono10-regular]:!
[WARNING] Missing character: There is no Ìè¨ (U+D3EC) in font [lmmono10-regular]:!
[WARNING] Missing character: There is no Ìï® (U+D568) in font [lmmono10-regular]:!
[WARNING] Missing character: There is no Îêú (U+B41C) in font [lmmono10-regular]:!
[WARNING] Missing character: There is no Í≤Ω (U+ACBD) in font [lmmono10-regular]:!
[WARNING] Missing character: There is no Ïö∞ (U+C6B0) in font [lmmono10-regular]:!
[WARNING] Missing character: There is no Í≤Ω (U+ACBD) in font [lmmono10-regular]:!
[WARNING] Missing character: There is no Î°ú (U+B85C) in font [lmmono10-regular]:!
[WARNING] Missing character: There is no Í∞Ä (U+AC00) in font [lmmono10-regular]:!
[WARNING] Missing character: There is no Ïò¨ (U+C62C) in font [lmmono10-regular]:!
[WARNING] Missing character: There is no Î∞î (U+BC14) in font [lmmono10-regular]:!
[WARNING] Missing character: There is no Î•∏ (U+B978) in font [lmmono10-regular]:!
[WARNING] Missing character: There is no ÏßÄ (U+C9C0) in font [lmmono10-regular]:!
[WARNING] Missing character: There is no Í≤Ä (U+AC80) in font [lmmono10-regular]:!
[WARNING] Missing character: There is no Ï¶ù (U+C99D) in font [lmmono10-regular]:!
[WARNING] Missing character: There is no Ìïú (U+D55C) in font [lmmono10-regular]:!
[WARNING] Missing character: There is no Ïò§ (U+C624) in font [lmmono10-regular]:!
[WARNING] Missing character: There is no Ïò§ (U+C624) in font [lmmono10-regular]:!
[WARNING] Missing character: There is no Ïò§ (U+C624) in font [lmmono10-regular]:!
[WARNING] Missing character: There is no ÌÉÄ (U+D0C0) in font [lmmono10-regular]:!
[WARNING] Missing character: There is no Î°ú (U+B85C) in font [lmmono10-regular]:!
[WARNING] Missing character: There is no Ïù∏ (U+C778) in font [lmmono10-regular]:!
[WARNING] Missing character: There is no Ìïú (U+D55C) in font [lmmono10-regular]:!
[WARNING] Missing character: There is no Ïóê (U+C5D0) in font [lmmono10-regular]:!
[WARNING] Missing character: There is no Îü¨ (U+B7EC) in font [lmmono10-regular]:!
[WARNING] Missing character: There is no Î©î (U+BA54) in font [lmmono10-regular]:!
[WARNING] Missing character: There is no Ïãú (U+C2DC) in font [lmmono10-regular]:!
[WARNING] Missing character: There is no ÏßÄ (U+C9C0) in font [lmmono10-regular]:!
[WARNING] Missing character: There is no Ìåå (U+D30C) in font [lmmono10-regular]:!
[WARNING] Missing character: There is no Ïù¥ (U+C774) in font [lmmono10-regular]:!
[WARNING] Missing character: There is no Ïç¨ (U+C36C) in font [lmmono10-regular]:!
[WARNING] Missing character: There is no Íº¨ (U+AF2C) in font [lmmono10-regular]:!
[WARNING] Missing character: There is no Íº¨ (U+AF2C) in font [lmmono10-regular]:!
[WARNING] Missing character: There is no Îßà (U+B9C8) in font [lmmono10-regular]:!
[WARNING] Missing character: There is no Ìåå (U+D30C) in font [lmmono10-regular]:!
[WARNING] Missing character: There is no Ïù¥ (U+C774) in font [lmmono10-regular]:!
[WARNING] Missing character: There is no Ïç¨ (U+C36C) in font [lmmono10-regular]:!
[WARNING] Missing character: There is no Íº¨ (U+AF2C) in font [lmmono10-regular]:!
[WARNING] Missing character: There is no Íº¨ (U+AF2C) in font [lmmono10-regular]:!
[WARNING] Missing character: There is no Îßà (U+B9C8) in font [lmmono10-regular]:!
[WARNING] Missing character: There is no Ìåå (U+D30C) in font [lmmono10-regular]:!
[WARNING] Missing character: There is no Ïù¥ (U+C774) in font [lmmono10-regular]:!
[WARNING] Missing character: There is no Ïç¨ (U+C36C) in font [lmmono10-regular]:!
[WARNING] Missing character: There is no Íº¨ (U+AF2C) in font [lmmono10-regular]:!
[WARNING] Missing character: There is no Íº¨ (U+AF2C) in font [lmmono10-regular]:!
[WARNING] Missing character: There is no Îßà (U+B9C8) in font [lmmono10-regular]:!
[WARNING] Missing character: There is no Ìåå (U+D30C) in font [lmmono10-regular]:!
[WARNING] Missing character: There is no Ïù¥ (U+C774) in font [lmmono10-regular]:!
[WARNING] Missing character: There is no Ïç¨ (U+C36C) in font [lmmono10-regular]:!
[WARNING] Missing character: There is no Íº¨ (U+AF2C) in font [lmmono10-regular]:!
[WARNING] Missing character: There is no Íº¨ (U+AF2C) in font [lmmono10-regular]:!
[WARNING] Missing character: There is no Îßà (U+B9C8) in font [lmmono10-regular]:!
[WARNING] Missing character: There is no Ïò§ (U+C624) in font [lmmono10-regular]:!
[WARNING] Missing character: There is no Îäò (U+B298) in font [lmmono10-regular]:!
[WARNING] Missing character: There is no Ïò§ (U+C624) in font [lmmono10-regular]:!
[WARNING] Missing character: There is no Îäò (U+B298) in font [lmmono10-regular]:!
[WARNING] Missing character: There is no Ïò§ (U+C624) in font [lmmono10-regular]:!
[WARNING] Missing character: There is no Îäò (U+B298) in font [lmmono10-regular]:!
[WARNING] Missing character: There is no Ïùò (U+C758) in font [lmmono10-regular]:!
[WARNING] Missing character: There is no Í∏Ä (U+AE00) in font [lmmono10-regular]:!
[WARNING] Missing character: There is no ÏùÑ (U+C744) in font [lmmono10-regular]:!
[WARNING] Missing character: There is no Ï†Å (U+C801) in font [lmmono10-regular]:!
[WARNING] Missing character: There is no Ïñ¥ (U+C5B4) in font [lmmono10-regular]:!
[WARNING] Missing character: There is no Ï£º (U+C8FC) in font [lmmono10-regular]:!
[WARNING] Missing character: There is no ÏÑ∏ (U+C138) in font [lmmono10-regular]:!
[WARNING] Missing character: There is no Ïöî (U+C694) in font [lmmono10-regular]:!
[WARNING] Missing character: There is no ÏÉâ (U+C0C9) in font [lmmono10-regular]:!
[WARNING] Missing character: There is no Îã§ (U+B2E4) in font [lmmono10-regular]:!
[WARNING] Missing character: There is no Î•∏ (U+B978) in font [lmmono10-regular]:!
[WARNING] Missing character: There is no Í∏∞ (U+AE30) in font [lmmono10-regular]:!
[WARNING] Missing character: There is no Î∂Ñ (U+BD84) in font [lmmono10-regular]:!
[WARNING] Missing character: There is no Ïù¥ (U+C774) in font [lmmono10-regular]:!
[WARNING] Missing character: There is no Îã§ (U+B2E4) in font [lmmono10-regular]:!
[WARNING] Missing character: There is no ÎÇØ (U+B0AF) in font [lmmono10-regular]:!
[WARNING] Missing character: There is no ÏÑ§ (U+C124) in font [lmmono10-regular]:!
[WARNING] Missing character: There is no Í≥† (U+ACE0) in font [lmmono10-regular]:!
[WARNING] Missing character: There is no Îòê (U+B610) in font [lmmono10-regular]:!
[WARNING] Missing character: There is no Ïã† (U+C2E0) in font [lmmono10-regular]:!
[WARNING] Missing character: There is no Í∏∞ (U+AE30) in font [lmmono10-regular]:!
[WARNING] Missing character: There is no Ìïò (U+D558) in font [lmmono10-regular]:!
[WARNING] Missing character: There is no Í∏∞ (U+AE30) in font [lmmono10-regular]:!
[WARNING] Missing character: There is no ÎèÑ (U+B3C4) in font [lmmono10-regular]:!
[WARNING] Missing character: There is no Ìïò (U+D558) in font [lmmono10-regular]:!
[WARNING] Missing character: There is no Í≥† (U+ACE0) in font [lmmono10-regular]:!
[WARNING] Missing character: There is no Ïù¥ (U+C774) in font [lmmono10-regular]:!
[WARNING] Missing character: There is no Í≤å (U+AC8C) in font [lmmono10-regular]:!
[WARNING] Missing character: There is no Ï†ï (U+C815) in font [lmmono10-regular]:!
[WARNING] Missing character: There is no Îßê (U+B9D0) in font [lmmono10-regular]:!
[WARNING] Missing character: There is no Ï†Ä (U+C800) in font [lmmono10-regular]:!
[WARNING] Missing character: There is no Ïû• (U+C7A5) in font [lmmono10-regular]:!
[WARNING] Missing character: There is no Ïù¥ (U+C774) in font [lmmono10-regular]:!
[WARNING] Missing character: There is no Îêò (U+B418) in font [lmmono10-regular]:!
[WARNING] Missing character: There is no Îäî (U+B294) in font [lmmono10-regular]:!
[WARNING] Missing character: There is no Í±∏ (U+AC78) in font [lmmono10-regular]:!
[WARNING] Missing character: There is no Íπå (U+AE4C) in font [lmmono10-regular]:!
[WARNING] Missing character: There is no Ï†Ä (U+C800) in font [lmmono10-regular]:!
[WARNING] Missing character: There is no Ïû• (U+C7A5) in font [lmmono10-regular]:!
[WARNING] Missing character: There is no Ï†Ä (U+C800) in font [lmmono10-regular]:!
[WARNING] Missing character: There is no Ïû• (U+C7A5) in font [lmmono10-regular]:!
[WARNING] Missing character: There is no Ï†Ä (U+C800) in font [lmmono10-regular]:!
[WARNING] Missing character: There is no Ïû• (U+C7A5) in font [lmmono10-regular]:!
[WARNING] Missing character: There is no ÏôÑ (U+C644) in font [lmmono10-regular]:!
[WARNING] Missing character: There is no Î£å (U+B8CC) in font [lmmono10-regular]:!
[WARNING] Missing character: There is no Ìåå (U+D30C) in font [lmmono10-regular]:!
[WARNING] Missing character: There is no Ïùº (U+C77C) in font [lmmono10-regular]:!
[WARNING] Missing character: There is no Ïóê (U+C5D0) in font [lmmono10-regular]:!
[WARNING] Missing character: There is no ÏÑú (U+C11C) in font [lmmono10-regular]:!
[WARNING] Missing character: There is no Ìôï (U+D655) in font [lmmono10-regular]:!
[WARNING] Missing character: There is no Ïù∏ (U+C778) in font [lmmono10-regular]:!
[WARNING] Missing character: There is no Ìï¥ (U+D574) in font [lmmono10-regular]:!
[WARNING] Missing character: There is no Î≥¥ (U+BCF4) in font [lmmono10-regular]:!
[WARNING] Missing character: There is no ÏÑ∏ (U+C138) in font [lmmono10-regular]:!
[WARNING] Missing character: There is no Ïöî (U+C694) in font [lmmono10-regular]:!
[WARNING] Missing character: There is no üìñ (U+1F4D6) in font [lmmono10-regular]:!
[WARNING] Missing character: There is no Ìåå (U+D30C) in font [lmmono10-regular]:!
[WARNING] Missing character: There is no Ïù¥ (U+C774) in font [lmmono10-regular]:!
[WARNING] Missing character: There is no Ïç¨ (U+C36C) in font [lmmono10-regular]:!
[WARNING] Missing character: There is no Íº¨ (U+AF2C) in font [lmmono10-regular]:!
[WARNING] Missing character: There is no Îßà (U+B9C8) in font [lmmono10-regular]:!
[WARNING] Missing character: There is no Ìåå (U+D30C) in font [lmmono10-regular]:!
[WARNING] Missing character: There is no Ïù¥ (U+C774) in font [lmmono10-regular]:!
[WARNING] Missing character: There is no Ïç¨ (U+C36C) in font [lmmono10-regular]:!
[WARNING] Missing character: There is no Íº¨ (U+AF2C) in font [lmmono10-regular]:!
[WARNING] Missing character: There is no Íº¨ (U+AF2C) in font [lmmono10-regular]:!
[WARNING] Missing character: There is no Îßà (U+B9C8) in font [lmmono10-regular]:!

‚úÖ PDF Î≥ÄÌôò ÏôÑÎ£å! 'MyDiary.pdf' ÌååÏùºÏùÑ ÌôïÏù∏ÌïòÏÑ∏Ïöî.
‚è±Ô∏è Ï†ÑÏ≤¥ Ïã§Ìñâ ÏãúÍ∞Ñ: 39.33Ï¥à
PS C:\Users\YOONYOO\Desktop\ÌååÏù¥Ïç¨Íº¨Íº¨Îßà> Python 250923_upgradejournal.py
üöÄ PDF Î≥ÄÌôò ÏãúÏûë!
üìÅ journals Ìè¥Îçî ÌôïÏù∏ Ï§ë...
üìÑ .md ÌååÏùº Î∂àÎü¨Ïò§Îäî Ï§ë...
üßæ ÌëúÏßÄ ÏÉùÏÑ± Ï§ë...
‚úÖ ÌëúÏßÄ ÏÉùÏÑ± ÏôÑÎ£å!
üì¶ ÌååÏùº Î≥ëÌï© Ï§ë...
üìÑ Î≥ëÌï© ÏßÑÌñâ: 100%|‚ñà‚ñà‚ñà‚ñà‚ñà‚ñà‚ñà‚ñà‚ñà‚ñà‚ñà‚ñà‚ñà‚ñà‚ñà‚ñà‚ñà‚ñà‚ñà‚ñà‚ñà‚ñà‚ñà‚ñà‚ñà‚ñà‚ñà‚ñà‚ñà‚ñà‚ñà‚ñà‚ñà‚ñà‚ñà‚ñà‚ñà‚ñà‚ñà‚ñà‚ñà‚ñà‚ñà‚ñà‚ñà‚ñà‚ñà‚ñà‚ñà‚ñà‚ñà‚ñà‚ñà‚ñà‚ñà‚ñà‚ñà‚ñà| 4/4 [00:00<00:00, 503.29it/s]
‚úÖ ÌååÏùº Î≥ëÌï© ÏôÑÎ£å!
üñ®Ô∏è PDF Î≥ÄÌôò Ï§ë (Ïû†Ïãú Í∏∞Îã§Î†§Ï£ºÏÑ∏Ïöî)...
[WARNING] Missing character: There is no Ïó¨ (U+C5EC) in font [lmmono10-regular]:!
[WARNING] Missing character: There is no Ïó¨ (U+C5EC) in font [lmmono10-regular]:!
[WARNING] Missing character: There is no Ïó¨ (U+C5EC) in font [lmmono10-regular]:!
[WARNING] Missing character: There is no Îü¨ (U+B7EC) in font [lmmono10-regular]:!
[WARNING] Missing character: There is no Ìè¥ (U+D3F4) in font [lmmono10-regular]:!
[WARNING] Missing character: There is no Îçî (U+B354) in font [lmmono10-regular]:!
[WARNING] Missing character: There is no Ìåå (U+D30C) in font [lmmono10-regular]:!
[WARNING] Missing character: There is no Ïùº (U+C77C) in font [lmmono10-regular]:!
[WARNING] Missing character: There is no Î™© (U+BAA9) in font [lmmono10-regular]:!
[WARNING] Missing character: There is no Î°ù (U+B85D) in font [lmmono10-regular]:!
[WARNING] Missing character: There is no Ïö© (U+C6A9) in font [lmmono10-regular]:!
[WARNING] Missing character: There is no Ïñ¥ (U+C5B4) in font [lmmono10-regular]:!
[WARNING] Missing character: There is no Í∞Ä (U+AC00) in font [lmmono10-regular]:!
[WARNING] Missing character: There is no Ìï® (U+D568) in font [lmmono10-regular]:!
[WARNING] Missing character: There is no Ïàò (U+C218) in font [lmmono10-regular]:!
[WARNING] Missing character: There is no Ïä§ (U+C2A4) in font [lmmono10-regular]:!
[WARNING] Missing character: There is no ÌÅ¨ (U+D06C) in font [lmmono10-regular]:!
[WARNING] Missing character: There is no Î¶Ω (U+B9BD) in font [lmmono10-regular]:!
[WARNING] Missing character: There is no Ìä∏ (U+D2B8) in font [lmmono10-regular]:!
[WARNING] Missing character: There is no Ìåå (U+D30C) in font [lmmono10-regular]:!
[WARNING] Missing character: There is no Ïùº (U+C77C) in font [lmmono10-regular]:!
[WARNING] Missing character: There is no Îòê (U+B610) in font [lmmono10-regular]:!
[WARNING] Missing character: There is no Îäî (U+B294) in font [lmmono10-regular]:!
[WARNING] Missing character: There is no Ïã§ (U+C2E4) in font [lmmono10-regular]:!
[WARNING] Missing character: There is no Ìñâ (U+D589) in font [lmmono10-regular]:!
[WARNING] Missing character: There is no Ìï† (U+D560) in font [lmmono10-regular]:!
[WARNING] Missing character: There is no Ïàò (U+C218) in font [lmmono10-regular]:!
[WARNING] Missing character: There is no Ïûà (U+C788) in font [lmmono10-regular]:!
[WARNING] Missing character: There is no Îäî (U+B294) in font [lmmono10-regular]:!
[WARNING] Missing character: There is no Ïù¥ (U+C774) in font [lmmono10-regular]:!
[WARNING] Missing character: There is no Î¶Ñ (U+B984) in font [lmmono10-regular]:!
[WARNING] Missing character: There is no Ïù¥ (U+C774) in font [lmmono10-regular]:!
[WARNING] Missing character: There is no Ï†ï (U+C815) in font [lmmono10-regular]:!
[WARNING] Missing character: There is no Ìôï (U+D655) in font [lmmono10-regular]:!
[WARNING] Missing character: There is no Ìïú (U+D55C) in font [lmmono10-regular]:!
[WARNING] Missing character: There is no ÏßÄ (U+C9C0) in font [lmmono10-regular]:!
[WARNING] Missing character: There is no Ìôï (U+D655) in font [lmmono10-regular]:!
[WARNING] Missing character: There is no Ïù∏ (U+C778) in font [lmmono10-regular]:!
[WARNING] Missing character: There is no Ìïò (U+D558) in font [lmmono10-regular]:!
[WARNING] Missing character: There is no Í≥† (U+ACE0) in font [lmmono10-regular]:!
[WARNING] Missing character: There is no Í≤Ω (U+ACBD) in font [lmmono10-regular]:!
[WARNING] Missing character: There is no Î°ú (U+B85C) in font [lmmono10-regular]:!
[WARNING] Missing character: There is no Í∞Ä (U+AC00) in font [lmmono10-regular]:!
[WARNING] Missing character: There is no Ìè¨ (U+D3EC) in font [lmmono10-regular]:!
[WARNING] Missing character: There is no Ìï® (U+D568) in font [lmmono10-regular]:!
[WARNING] Missing character: There is no Îêú (U+B41C) in font [lmmono10-regular]:!
[WARNING] Missing character: There is no Í≤Ω (U+ACBD) in font [lmmono10-regular]:!
[WARNING] Missing character: There is no Ïö∞ (U+C6B0) in font [lmmono10-regular]:!
[WARNING] Missing character: There is no Í≤Ω (U+ACBD) in font [lmmono10-regular]:!
[WARNING] Missing character: There is no Î°ú (U+B85C) in font [lmmono10-regular]:!
[WARNING] Missing character: There is no Í∞Ä (U+AC00) in font [lmmono10-regular]:!
[WARNING] Missing character: There is no Ïò¨ (U+C62C) in font [lmmono10-regular]:!
[WARNING] Missing character: There is no Î∞î (U+BC14) in font [lmmono10-regular]:!
[WARNING] Missing character: There is no Î•∏ (U+B978) in font [lmmono10-regular]:!
[WARNING] Missing character: There is no ÏßÄ (U+C9C0) in font [lmmono10-regular]:!
[WARNING] Missing character: There is no Í≤Ä (U+AC80) in font [lmmono10-regular]:!
[WARNING] Missing character: There is no Ï¶ù (U+C99D) in font [lmmono10-regular]:!
[WARNING] Missing character: There is no Ìïú (U+D55C) in font [lmmono10-regular]:!
[WARNING] Missing character: There is no Ïò§ (U+C624) in font [lmmono10-regular]:!
[WARNING] Missing character: There is no Ïò§ (U+C624) in font [lmmono10-regular]:!
[WARNING] Missing character: There is no Ïò§ (U+C624) in font [lmmono10-regular]:!
[WARNING] Missing character: There is no ÌÉÄ (U+D0C0) in font [lmmono10-regular]:!
[WARNING] Missing character: There is no Î°ú (U+B85C) in font [lmmono10-regular]:!
[WARNING] Missing character: There is no Ïù∏ (U+C778) in font [lmmono10-regular]:!
[WARNING] Missing character: There is no Ìïú (U+D55C) in font [lmmono10-regular]:!
[WARNING] Missing character: There is no Ïóê (U+C5D0) in font [lmmono10-regular]:!
[WARNING] Missing character: There is no Îü¨ (U+B7EC) in font [lmmono10-regular]:!
[WARNING] Missing character: There is no Î©î (U+BA54) in font [lmmono10-regular]:!
[WARNING] Missing character: There is no Ïãú (U+C2DC) in font [lmmono10-regular]:!
[WARNING] Missing character: There is no ÏßÄ (U+C9C0) in font [lmmono10-regular]:!
[WARNING] Missing character: There is no Ìåå (U+D30C) in font [lmmono10-regular]:!
[WARNING] Missing character: There is no Ïù¥ (U+C774) in font [lmmono10-regular]:!
[WARNING] Missing character: There is no Ïç¨ (U+C36C) in font [lmmono10-regular]:!
[WARNING] Missing character: There is no Íº¨ (U+AF2C) in font [lmmono10-regular]:!
[WARNING] Missing character: There is no Íº¨ (U+AF2C) in font [lmmono10-regular]:!
[WARNING] Missing character: There is no Îßà (U+B9C8) in font [lmmono10-regular]:!
[WARNING] Missing character: There is no Ìåå (U+D30C) in font [lmmono10-regular]:!
[WARNING] Missing character: There is no Ïù¥ (U+C774) in font [lmmono10-regular]:!
[WARNING] Missing character: There is no Ïç¨ (U+C36C) in font [lmmono10-regular]:!
[WARNING] Missing character: There is no Íº¨ (U+AF2C) in font [lmmono10-regular]:!
[WARNING] Missing character: There is no Íº¨ (U+AF2C) in font [lmmono10-regular]:!
[WARNING] Missing character: There is no Îßà (U+B9C8) in font [lmmono10-regular]:!
[WARNING] Missing character: There is no Ìåå (U+D30C) in font [lmmono10-regular]:!
[WARNING] Missing character: There is no Ïù¥ (U+C774) in font [lmmono10-regular]:!
[WARNING] Missing character: There is no Ïç¨ (U+C36C) in font [lmmono10-regular]:!
[WARNING] Missing character: There is no Íº¨ (U+AF2C) in font [lmmono10-regular]:!
[WARNING] Missing character: There is no Íº¨ (U+AF2C) in font [lmmono10-regular]:!
[WARNING] Missing character: There is no Îßà (U+B9C8) in font [lmmono10-regular]:!
[WARNING] Missing character: There is no Ìåå (U+D30C) in font [lmmono10-regular]:!
[WARNING] Missing character: There is no Ïù¥ (U+C774) in font [lmmono10-regular]:!
[WARNING] Missing character: There is no Ïç¨ (U+C36C) in font [lmmono10-regular]:!
[WARNING] Missing character: There is no Íº¨ (U+AF2C) in font [lmmono10-regular]:!
[WARNING] Missing character: There is no Íº¨ (U+AF2C) in font [lmmono10-regular]:!
[WARNING] Missing character: There is no Îßà (U+B9C8) in font [lmmono10-regular]:!
[WARNING] Missing character: There is no Ïò§ (U+C624) in font [lmmono10-regular]:!
[WARNING] Missing character: There is no Îäò (U+B298) in font [lmmono10-regular]:!
[WARNING] Missing character: There is no Ïò§ (U+C624) in font [lmmono10-regular]:!
[WARNING] Missing character: There is no Îäò (U+B298) in font [lmmono10-regular]:!
[WARNING] Missing character: There is no Ïò§ (U+C624) in font [lmmono10-regular]:!
[WARNING] Missing character: There is no Îäò (U+B298) in font [lmmono10-regular]:!
[WARNING] Missing character: There is no Ïùò (U+C758) in font [lmmono10-regular]:!
[WARNING] Missing character: There is no Í∏Ä (U+AE00) in font [lmmono10-regular]:!
[WARNING] Missing character: There is no ÏùÑ (U+C744) in font [lmmono10-regular]:!
[WARNING] Missing character: There is no Ï†Å (U+C801) in font [lmmono10-regular]:!
[WARNING] Missing character: There is no Ïñ¥ (U+C5B4) in font [lmmono10-regular]:!
[WARNING] Missing character: There is no Ï£º (U+C8FC) in font [lmmono10-regular]:!
[WARNING] Missing character: There is no ÏÑ∏ (U+C138) in font [lmmono10-regular]:!
[WARNING] Missing character: There is no Ïöî (U+C694) in font [lmmono10-regular]:!
[WARNING] Missing character: There is no ÏÉâ (U+C0C9) in font [lmmono10-regular]:!
[WARNING] Missing character: There is no Îã§ (U+B2E4) in font [lmmono10-regular]:!
[WARNING] Missing character: There is no Î•∏ (U+B978) in font [lmmono10-regular]:!
[WARNING] Missing character: There is no Í∏∞ (U+AE30) in font [lmmono10-regular]:!
[WARNING] Missing character: There is no Î∂Ñ (U+BD84) in font [lmmono10-regular]:!
[WARNING] Missing character: There is no Ïù¥ (U+C774) in font [lmmono10-regular]:!
[WARNING] Missing character: There is no Îã§ (U+B2E4) in font [lmmono10-regular]:!
[WARNING] Missing character: There is no ÎÇØ (U+B0AF) in font [lmmono10-regular]:!
[WARNING] Missing character: There is no ÏÑ§ (U+C124) in font [lmmono10-regular]:!
[WARNING] Missing character: There is no Í≥† (U+ACE0) in font [lmmono10-regular]:!
[WARNING] Missing character: There is no Îòê (U+B610) in font [lmmono10-regular]:!
[WARNING] Missing character: There is no Ïã† (U+C2E0) in font [lmmono10-regular]:!
[WARNING] Missing character: There is no Í∏∞ (U+AE30) in font [lmmono10-regular]:!
[WARNING] Missing character: There is no Ìïò (U+D558) in font [lmmono10-regular]:!
[WARNING] Missing character: There is no Í∏∞ (U+AE30) in font [lmmono10-regular]:!
[WARNING] Missing character: There is no ÎèÑ (U+B3C4) in font [lmmono10-regular]:!
[WARNING] Missing character: There is no Ìïò (U+D558) in font [lmmono10-regular]:!
[WARNING] Missing character: There is no Í≥† (U+ACE0) in font [lmmono10-regular]:!
[WARNING] Missing character: There is no Ïù¥ (U+C774) in font [lmmono10-regular]:!
[WARNING] Missing character: There is no Í≤å (U+AC8C) in font [lmmono10-regular]:!
[WARNING] Missing character: There is no Ï†ï (U+C815) in font [lmmono10-regular]:!
[WARNING] Missing character: There is no Îßê (U+B9D0) in font [lmmono10-regular]:!
[WARNING] Missing character: There is no Ï†Ä (U+C800) in font [lmmono10-regular]:!
[WARNING] Missing character: There is no Ïû• (U+C7A5) in font [lmmono10-regular]:!
[WARNING] Missing character: There is no Ïù¥ (U+C774) in font [lmmono10-regular]:!
[WARNING] Missing character: There is no Îêò (U+B418) in font [lmmono10-regular]:!
[WARNING] Missing character: There is no Îäî (U+B294) in font [lmmono10-regular]:!
[WARNING] Missing character: There is no Í±∏ (U+AC78) in font [lmmono10-regular]:!
[WARNING] Missing character: There is no Íπå (U+AE4C) in font [lmmono10-regular]:!
[WARNING] Missing character: There is no Ï†Ä (U+C800) in font [lmmono10-regular]:!
[WARNING] Missing character: There is no Ïû• (U+C7A5) in font [lmmono10-regular]:!
[WARNING] Missing character: There is no Ï†Ä (U+C800) in font [lmmono10-regular]:!
[WARNING] Missing character: There is no Ïû• (U+C7A5) in font [lmmono10-regular]:!
[WARNING] Missing character: There is no Ï†Ä (U+C800) in font [lmmono10-regular]:!
[WARNING] Missing character: There is no Ïû• (U+C7A5) in font [lmmono10-regular]:!
[WARNING] Missing character: There is no ÏôÑ (U+C644) in font [lmmono10-regular]:!
[WARNING] Missing character: There is no Î£å (U+B8CC) in font [lmmono10-regular]:!
[WARNING] Missing character: There is no Ìåå (U+D30C) in font [lmmono10-regular]:!
[WARNING] Missing character: There is no Ïùº (U+C77C) in font [lmmono10-regular]:!
[WARNING] Missing character: There is no Ïóê (U+C5D0) in font [lmmono10-regular]:!
[WARNING] Missing character: There is no ÏÑú (U+C11C) in font [lmmono10-regular]:!
[WARNING] Missing character: There is no Ìôï (U+D655) in font [lmmono10-regular]:!
[WARNING] Missing character: There is no Ïù∏ (U+C778) in font [lmmono10-regular]:!
[WARNING] Missing character: There is no Ìï¥ (U+D574) in font [lmmono10-regular]:!
[WARNING] Missing character: There is no Î≥¥ (U+BCF4) in font [lmmono10-regular]:!
[WARNING] Missing character: There is no ÏÑ∏ (U+C138) in font [lmmono10-regular]:!
[WARNING] Missing character: There is no Ïöî (U+C694) in font [lmmono10-regular]:!
[WARNING] Missing character: There is no üìñ (U+1F4D6) in font [lmmono10-regular]:!
[WARNING] Missing character: There is no Ìåå (U+D30C) in font [lmmono10-regular]:!
[WARNING] Missing character: There is no Ïù¥ (U+C774) in font [lmmono10-regular]:!
[WARNING] Missing character: There is no Ïç¨ (U+C36C) in font [lmmono10-regular]:!
[WARNING] Missing character: There is no Íº¨ (U+AF2C) in font [lmmono10-regular]:!
[WARNING] Missing character: There is no Îßà (U+B9C8) in font [lmmono10-regular]:!
[WARNING] Missing character: There is no Ìåå (U+D30C) in font [lmmono10-regular]:!
[WARNING] Missing character: There is no Ïù¥ (U+C774) in font [lmmono10-regular]:!
[WARNING] Missing character: There is no Ïç¨ (U+C36C) in font [lmmono10-regular]:!
[WARNING] Missing character: There is no Íº¨ (U+AF2C) in font [lmmono10-regular]:!
[WARNING] Missing character: There is no Íº¨ (U+AF2C) in font [lmmono10-regular]:!
[WARNING] Missing character: There is no Îßà (U+B9C8) in font [lmmono10-regular]:!

‚úÖ PDF Î≥ÄÌôò ÏôÑÎ£å! 'MyDiary.pdf' ÌååÏùºÏùÑ ÌôïÏù∏ÌïòÏÑ∏Ïöî.
‚è±Ô∏è Ï†ÑÏ≤¥ Ïã§Ìñâ ÏãúÍ∞Ñ: 46.03Ï¥à
PS C:\Users\YOONYOO\Desktop\ÌååÏù¥Ïç¨Íº¨Íº¨Îßà> Python 250923_upgradejournal.py
üöÄ PDF Î≥ÄÌôò ÏãúÏûë!
üìÅ journals Ìè¥Îçî ÌôïÏù∏ Ï§ë...
üìÑ .md ÌååÏùº Î∂àÎü¨Ïò§Îäî Ï§ë...
üßæ ÌëúÏßÄ ÏÉùÏÑ± Ï§ë...
‚úÖ ÌëúÏßÄ ÏÉùÏÑ± ÏôÑÎ£å!
üì¶ ÌååÏùº Î≥ëÌï© Ï§ë...
üìÑ Î≥ëÌï© ÏßÑÌñâ: 100%|‚ñà‚ñà‚ñà‚ñà‚ñà‚ñà‚ñà‚ñà‚ñà‚ñà‚ñà‚ñà‚ñà‚ñà‚ñà‚ñà‚ñà‚ñà‚ñà‚ñà‚ñà‚ñà‚ñà‚ñà‚ñà‚ñà‚ñà‚ñà‚ñà‚ñà‚ñà‚ñà‚ñà‚ñà‚ñà‚ñà‚ñà‚ñà‚ñà‚ñà‚ñà‚ñà‚ñà‚ñà‚ñà‚ñà‚ñà‚ñà‚ñà‚ñà‚ñà‚ñà‚ñà‚ñà‚ñà‚ñà‚ñà‚ñà| 4/4 [00:00<00:00, 257.59it/s]
‚úÖ ÌååÏùº Î≥ëÌï© ÏôÑÎ£å!
üñ®Ô∏è PDF Î≥ÄÌôò Ï§ë (Ïû†Ïãú Í∏∞Îã§Î†§Ï£ºÏÑ∏Ïöî)...
[WARNING] Missing character: There is no Ïó¨ (U+C5EC) in font [lmmono10-regular]:!
[WARNING] Missing character: There is no Ïó¨ (U+C5EC) in font [lmmono10-regular]:!
[WARNING] Missing character: There is no Ïó¨ (U+C5EC) in font [lmmono10-regular]:!
[WARNING] Missing character: There is no Îü¨ (U+B7EC) in font [lmmono10-regular]:!
[WARNING] Missing character: There is no Ìè¥ (U+D3F4) in font [lmmono10-regular]:!
[WARNING] Missing character: There is no Îçî (U+B354) in font [lmmono10-regular]:!
[WARNING] Missing character: There is no Ìåå (U+D30C) in font [lmmono10-regular]:!
[WARNING] Missing character: There is no Ïùº (U+C77C) in font [lmmono10-regular]:!
[WARNING] Missing character: There is no Î™© (U+BAA9) in font [lmmono10-regular]:!
[WARNING] Missing character: There is no Î°ù (U+B85D) in font [lmmono10-regular]:!
[WARNING] Missing character: There is no Ïö© (U+C6A9) in font [lmmono10-regular]:!
[WARNING] Missing character: There is no Ïñ¥ (U+C5B4) in font [lmmono10-regular]:!
[WARNING] Missing character: There is no Í∞Ä (U+AC00) in font [lmmono10-regular]:!
[WARNING] Missing character: There is no Ìï® (U+D568) in font [lmmono10-regular]:!
[WARNING] Missing character: There is no Ïàò (U+C218) in font [lmmono10-regular]:!
[WARNING] Missing character: There is no Ïä§ (U+C2A4) in font [lmmono10-regular]:!
[WARNING] Missing character: There is no ÌÅ¨ (U+D06C) in font [lmmono10-regular]:!
[WARNING] Missing character: There is no Î¶Ω (U+B9BD) in font [lmmono10-regular]:!
[WARNING] Missing character: There is no Ìä∏ (U+D2B8) in font [lmmono10-regular]:!
[WARNING] Missing character: There is no Ìåå (U+D30C) in font [lmmono10-regular]:!
[WARNING] Missing character: There is no Ïùº (U+C77C) in font [lmmono10-regular]:!
[WARNING] Missing character: There is no Îòê (U+B610) in font [lmmono10-regular]:!
[WARNING] Missing character: There is no Îäî (U+B294) in font [lmmono10-regular]:!
[WARNING] Missing character: There is no Ïã§ (U+C2E4) in font [lmmono10-regular]:!
[WARNING] Missing character: There is no Ìñâ (U+D589) in font [lmmono10-regular]:!
[WARNING] Missing character: There is no Ìï† (U+D560) in font [lmmono10-regular]:!
[WARNING] Missing character: There is no Ïàò (U+C218) in font [lmmono10-regular]:!
[WARNING] Missing character: There is no Ïûà (U+C788) in font [lmmono10-regular]:!
[WARNING] Missing character: There is no Îäî (U+B294) in font [lmmono10-regular]:!
[WARNING] Missing character: There is no Ïù¥ (U+C774) in font [lmmono10-regular]:!
[WARNING] Missing character: There is no Î¶Ñ (U+B984) in font [lmmono10-regular]:!
[WARNING] Missing character: There is no Ïù¥ (U+C774) in font [lmmono10-regular]:!
[WARNING] Missing character: There is no Ï†ï (U+C815) in font [lmmono10-regular]:!
[WARNING] Missing character: There is no Ìôï (U+D655) in font [lmmono10-regular]:!
[WARNING] Missing character: There is no Ìïú (U+D55C) in font [lmmono10-regular]:!
[WARNING] Missing character: There is no ÏßÄ (U+C9C0) in font [lmmono10-regular]:!
[WARNING] Missing character: There is no Ìôï (U+D655) in font [lmmono10-regular]:!
[WARNING] Missing character: There is no Ïù∏ (U+C778) in font [lmmono10-regular]:!
[WARNING] Missing character: There is no Ìïò (U+D558) in font [lmmono10-regular]:!
[WARNING] Missing character: There is no Í≥† (U+ACE0) in font [lmmono10-regular]:!
[WARNING] Missing character: There is no Í≤Ω (U+ACBD) in font [lmmono10-regular]:!
[WARNING] Missing character: There is no Î°ú (U+B85C) in font [lmmono10-regular]:!
[WARNING] Missing character: There is no Í∞Ä (U+AC00) in font [lmmono10-regular]:!
[WARNING] Missing character: There is no Ìè¨ (U+D3EC) in font [lmmono10-regular]:!
[WARNING] Missing character: There is no Ìï® (U+D568) in font [lmmono10-regular]:!
[WARNING] Missing character: There is no Îêú (U+B41C) in font [lmmono10-regular]:!
[WARNING] Missing character: There is no Í≤Ω (U+ACBD) in font [lmmono10-regular]:!
[WARNING] Missing character: There is no Ïö∞ (U+C6B0) in font [lmmono10-regular]:!
[WARNING] Missing character: There is no Í≤Ω (U+ACBD) in font [lmmono10-regular]:!
[WARNING] Missing character: There is no Î°ú (U+B85C) in font [lmmono10-regular]:!
[WARNING] Missing character: There is no Í∞Ä (U+AC00) in font [lmmono10-regular]:!
[WARNING] Missing character: There is no Ïò¨ (U+C62C) in font [lmmono10-regular]:!
[WARNING] Missing character: There is no Î∞î (U+BC14) in font [lmmono10-regular]:!
[WARNING] Missing character: There is no Î•∏ (U+B978) in font [lmmono10-regular]:!
[WARNING] Missing character: There is no ÏßÄ (U+C9C0) in font [lmmono10-regular]:!
[WARNING] Missing character: There is no Í≤Ä (U+AC80) in font [lmmono10-regular]:!
[WARNING] Missing character: There is no Ï¶ù (U+C99D) in font [lmmono10-regular]:!
[WARNING] Missing character: There is no Ìïú (U+D55C) in font [lmmono10-regular]:!
[WARNING] Missing character: There is no Ïò§ (U+C624) in font [lmmono10-regular]:!
[WARNING] Missing character: There is no Ïò§ (U+C624) in font [lmmono10-regular]:!
[WARNING] Missing character: There is no Ïò§ (U+C624) in font [lmmono10-regular]:!
[WARNING] Missing character: There is no ÌÉÄ (U+D0C0) in font [lmmono10-regular]:!
[WARNING] Missing character: There is no Î°ú (U+B85C) in font [lmmono10-regular]:!
[WARNING] Missing character: There is no Ïù∏ (U+C778) in font [lmmono10-regular]:!
[WARNING] Missing character: There is no Ìïú (U+D55C) in font [lmmono10-regular]:!
[WARNING] Missing character: There is no Ïóê (U+C5D0) in font [lmmono10-regular]:!
[WARNING] Missing character: There is no Îü¨ (U+B7EC) in font [lmmono10-regular]:!
[WARNING] Missing character: There is no Î©î (U+BA54) in font [lmmono10-regular]:!
[WARNING] Missing character: There is no Ïãú (U+C2DC) in font [lmmono10-regular]:!
[WARNING] Missing character: There is no ÏßÄ (U+C9C0) in font [lmmono10-regular]:!
[WARNING] Missing character: There is no Ìåå (U+D30C) in font [lmmono10-regular]:!
[WARNING] Missing character: There is no Ïù¥ (U+C774) in font [lmmono10-regular]:!
[WARNING] Missing character: There is no Ïç¨ (U+C36C) in font [lmmono10-regular]:!
[WARNING] Missing character: There is no Íº¨ (U+AF2C) in font [lmmono10-regular]:!
[WARNING] Missing character: There is no Íº¨ (U+AF2C) in font [lmmono10-regular]:!
[WARNING] Missing character: There is no Îßà (U+B9C8) in font [lmmono10-regular]:!
[WARNING] Missing character: There is no Ìåå (U+D30C) in font [lmmono10-regular]:!
[WARNING] Missing character: There is no Ïù¥ (U+C774) in font [lmmono10-regular]:!
[WARNING] Missing character: There is no Ïç¨ (U+C36C) in font [lmmono10-regular]:!
[WARNING] Missing character: There is no Íº¨ (U+AF2C) in font [lmmono10-regular]:!
[WARNING] Missing character: There is no Íº¨ (U+AF2C) in font [lmmono10-regular]:!
[WARNING] Missing character: There is no Îßà (U+B9C8) in font [lmmono10-regular]:!
[WARNING] Missing character: There is no Ìåå (U+D30C) in font [lmmono10-regular]:!
[WARNING] Missing character: There is no Ïù¥ (U+C774) in font [lmmono10-regular]:!
[WARNING] Missing character: There is no Ïç¨ (U+C36C) in font [lmmono10-regular]:!
[WARNING] Missing character: There is no Íº¨ (U+AF2C) in font [lmmono10-regular]:!
[WARNING] Missing character: There is no Íº¨ (U+AF2C) in font [lmmono10-regular]:!
[WARNING] Missing character: There is no Îßà (U+B9C8) in font [lmmono10-regular]:!
[WARNING] Missing character: There is no Ìåå (U+D30C) in font [lmmono10-regular]:!
[WARNING] Missing character: There is no Ïù¥ (U+C774) in font [lmmono10-regular]:!
[WARNING] Missing character: There is no Ïç¨ (U+C36C) in font [lmmono10-regular]:!
[WARNING] Missing character: There is no Íº¨ (U+AF2C) in font [lmmono10-regular]:!
[WARNING] Missing character: There is no Íº¨ (U+AF2C) in font [lmmono10-regular]:!
[WARNING] Missing character: There is no Îßà (U+B9C8) in font [lmmono10-regular]:!
[WARNING] Missing character: There is no Ïò§ (U+C624) in font [lmmono10-regular]:!
[WARNING] Missing character: There is no Îäò (U+B298) in font [lmmono10-regular]:!
[WARNING] Missing character: There is no Ïò§ (U+C624) in font [lmmono10-regular]:!
[WARNING] Missing character: There is no Îäò (U+B298) in font [lmmono10-regular]:!
[WARNING] Missing character: There is no Ïò§ (U+C624) in font [lmmono10-regular]:!
[WARNING] Missing character: There is no Îäò (U+B298) in font [lmmono10-regular]:!
[WARNING] Missing character: There is no Ïùò (U+C758) in font [lmmono10-regular]:!
[WARNING] Missing character: There is no Í∏Ä (U+AE00) in font [lmmono10-regular]:!
[WARNING] Missing character: There is no ÏùÑ (U+C744) in font [lmmono10-regular]:!
[WARNING] Missing character: There is no Ï†Å (U+C801) in font [lmmono10-regular]:!
[WARNING] Missing character: There is no Ïñ¥ (U+C5B4) in font [lmmono10-regular]:!
[WARNING] Missing character: There is no Ï£º (U+C8FC) in font [lmmono10-regular]:!
[WARNING] Missing character: There is no ÏÑ∏ (U+C138) in font [lmmono10-regular]:!
[WARNING] Missing character: There is no Ïöî (U+C694) in font [lmmono10-regular]:!
[WARNING] Missing character: There is no ÏÉâ (U+C0C9) in font [lmmono10-regular]:!
[WARNING] Missing character: There is no Îã§ (U+B2E4) in font [lmmono10-regular]:!
[WARNING] Missing character: There is no Î•∏ (U+B978) in font [lmmono10-regular]:!
[WARNING] Missing character: There is no Í∏∞ (U+AE30) in font [lmmono10-regular]:!
[WARNING] Missing character: There is no Î∂Ñ (U+BD84) in font [lmmono10-regular]:!
[WARNING] Missing character: There is no Ïù¥ (U+C774) in font [lmmono10-regular]:!
[WARNING] Missing character: There is no Îã§ (U+B2E4) in font [lmmono10-regular]:!
[WARNING] Missing character: There is no ÎÇØ (U+B0AF) in font [lmmono10-regular]:!
[WARNING] Missing character: There is no ÏÑ§ (U+C124) in font [lmmono10-regular]:!
[WARNING] Missing character: There is no Í≥† (U+ACE0) in font [lmmono10-regular]:!
[WARNING] Missing character: There is no Îòê (U+B610) in font [lmmono10-regular]:!
[WARNING] Missing character: There is no Ïã† (U+C2E0) in font [lmmono10-regular]:!
[WARNING] Missing character: There is no Í∏∞ (U+AE30) in font [lmmono10-regular]:!
[WARNING] Missing character: There is no Ìïò (U+D558) in font [lmmono10-regular]:!
[WARNING] Missing character: There is no Í∏∞ (U+AE30) in font [lmmono10-regular]:!
[WARNING] Missing character: There is no ÎèÑ (U+B3C4) in font [lmmono10-regular]:!
[WARNING] Missing character: There is no Ìïò (U+D558) in font [lmmono10-regular]:!
[WARNING] Missing character: There is no Í≥† (U+ACE0) in font [lmmono10-regular]:!
[WARNING] Missing character: There is no Ïù¥ (U+C774) in font [lmmono10-regular]:!
[WARNING] Missing character: There is no Í≤å (U+AC8C) in font [lmmono10-regular]:!
[WARNING] Missing character: There is no Ï†ï (U+C815) in font [lmmono10-regular]:!
[WARNING] Missing character: There is no Îßê (U+B9D0) in font [lmmono10-regular]:!
[WARNING] Missing character: There is no Ï†Ä (U+C800) in font [lmmono10-regular]:!
[WARNING] Missing character: There is no Ïû• (U+C7A5) in font [lmmono10-regular]:!
[WARNING] Missing character: There is no Ïù¥ (U+C774) in font [lmmono10-regular]:!
[WARNING] Missing character: There is no Îêò (U+B418) in font [lmmono10-regular]:!
[WARNING] Missing character: There is no Îäî (U+B294) in font [lmmono10-regular]:!
[WARNING] Missing character: There is no Í±∏ (U+AC78) in font [lmmono10-regular]:!
[WARNING] Missing character: There is no Íπå (U+AE4C) in font [lmmono10-regular]:!
[WARNING] Missing character: There is no Ï†Ä (U+C800) in font [lmmono10-regular]:!
[WARNING] Missing character: There is no Ïû• (U+C7A5) in font [lmmono10-regular]:!
[WARNING] Missing character: There is no Ï†Ä (U+C800) in font [lmmono10-regular]:!
[WARNING] Missing character: There is no Ïû• (U+C7A5) in font [lmmono10-regular]:!
[WARNING] Missing character: There is no Ï†Ä (U+C800) in font [lmmono10-regular]:!
[WARNING] Missing character: There is no Ïû• (U+C7A5) in font [lmmono10-regular]:!
[WARNING] Missing character: There is no ÏôÑ (U+C644) in font [lmmono10-regular]:!
[WARNING] Missing character: There is no Î£å (U+B8CC) in font [lmmono10-regular]:!
[WARNING] Missing character: There is no Ìåå (U+D30C) in font [lmmono10-regular]:!
[WARNING] Missing character: There is no Ïùº (U+C77C) in font [lmmono10-regular]:!
[WARNING] Missing character: There is no Ïóê (U+C5D0) in font [lmmono10-regular]:!
[WARNING] Missing character: There is no ÏÑú (U+C11C) in font [lmmono10-regular]:!
[WARNING] Missing character: There is no Ìôï (U+D655) in font [lmmono10-regular]:!
[WARNING] Missing character: There is no Ïù∏ (U+C778) in font [lmmono10-regular]:!
[WARNING] Missing character: There is no Ìï¥ (U+D574) in font [lmmono10-regular]:!
[WARNING] Missing character: There is no Î≥¥ (U+BCF4) in font [lmmono10-regular]:!
[WARNING] Missing character: There is no ÏÑ∏ (U+C138) in font [lmmono10-regular]:!
[WARNING] Missing character: There is no Ïöî (U+C694) in font [lmmono10-regular]:!
[WARNING] Missing character: There is no üìñ (U+1F4D6) in font [lmmono10-regular]:!
[WARNING] Missing character: There is no Ìåå (U+D30C) in font [lmmono10-regular]:!
[WARNING] Missing character: There is no Ïù¥ (U+C774) in font [lmmono10-regular]:!
[WARNING] Missing character: There is no Ïç¨ (U+C36C) in font [lmmono10-regular]:!
[WARNING] Missing character: There is no Íº¨ (U+AF2C) in font [lmmono10-regular]:!
[WARNING] Missing character: There is no Îßà (U+B9C8) in font [lmmono10-regular]:!
[WARNING] Missing character: There is no Ìåå (U+D30C) in font [lmmono10-regular]:!
[WARNING] Missing character: There is no Ïù¥ (U+C774) in font [lmmono10-regular]:!
[WARNING] Missing character: There is no Ïç¨ (U+C36C) in font [lmmono10-regular]:!
[WARNING] Missing character: There is no Íº¨ (U+AF2C) in font [lmmono10-regular]:!
[WARNING] Missing character: There is no Íº¨ (U+AF2C) in font [lmmono10-regular]:!
[WARNING] Missing character: There is no Îßà (U+B9C8) in font [lmmono10-regular]:!

üñ®Ô∏è PDF ÌôïÏù∏Ìï¥Ïöî...
‚úÖ PDF Î≥ÄÌôò ÏôÑÎ£å! 'MyDiary.pdf' ÌååÏùºÏùÑ ÌôïÏù∏ÌïòÏÑ∏Ïöî.
‚è±Ô∏è Ï†ÑÏ≤¥ Ïã§Ìñâ ÏãúÍ∞Ñ: 34.79Ï¥à
PS C:\Users\YOONYOO\Desktop\ÌååÏù¥Ïç¨Íº¨Íº¨Îßà> Python 250923_upgradejournal.py
üöÄ PDF Î≥ÄÌôò ÏãúÏûë!
üìÅ journals Ìè¥Îçî ÌôïÏù∏ Ï§ë...
üìÑ .md ÌååÏùº Î∂àÎü¨Ïò§Îäî Ï§ë...
üßæ ÌëúÏßÄ ÏÉùÏÑ± Ï§ë...
‚úÖ ÌëúÏßÄ ÏÉùÏÑ± ÏôÑÎ£å!
üì¶ ÌååÏùº Î≥ëÌï© Ï§ë...
üìÑ Î≥ëÌï© ÏßÑÌñâ: 100%|‚ñà‚ñà‚ñà‚ñà‚ñà‚ñà‚ñà‚ñà‚ñà‚ñà‚ñà‚ñà‚ñà‚ñà‚ñà‚ñà‚ñà‚ñà‚ñà‚ñà‚ñà‚ñà‚ñà‚ñà‚ñà‚ñà‚ñà‚ñà‚ñà‚ñà‚ñà‚ñà‚ñà‚ñà‚ñà‚ñà‚ñà‚ñà‚ñà‚ñà‚ñà‚ñà‚ñà‚ñà‚ñà‚ñà‚ñà‚ñà‚ñà‚ñà‚ñà‚ñà‚ñà‚ñà‚ñà‚ñà‚ñà‚ñà| 2/2 [00:00<00:00, 911.31it/s]
‚úÖ ÌååÏùº Î≥ëÌï© ÏôÑÎ£å!
üñ®Ô∏è PDF Î≥ÄÌôò Ï§ë (Ïû†Ïãú Í∏∞Îã§Î†§Ï£ºÏÑ∏Ïöî)...
üñ®Ô∏è PDF ÌôïÏù∏Ìï¥Ïöî...
‚úÖ PDF Î≥ÄÌôò ÏôÑÎ£å! 'MyDiary.pdf' ÌååÏùºÏùÑ ÌôïÏù∏ÌïòÏÑ∏Ïöî.
‚è±Ô∏è Ï†ÑÏ≤¥ Ïã§Ìñâ ÏãúÍ∞Ñ: 53.63Ï¥à

- 
ÎìúÎîîÏñ¥ ÎÇòÎ¶Ñ ÏÑ±Í≥µ!!!!!!!!!!! ÏïºÌò∏ÏïºÌò∏ÏïºÌò∏