PS C:\Users\YOONYOO> Python 250923_upgradejournal.py
no 2] No such file or directory
PS C:\Users\YOONYOO\Desktop\íŒŒì´ì¬ê¼¬ê¼¬ë§ˆ> Python 250923_upgradejournal.py
Traceback (most recent call last):
  File "C:\Users\YOONYOO\Desktop\íŒŒì´ì¬ê¼¬ê¼¬ë§ˆ\250923_upgradejournal.py", line 48, in <module>
    make_pdf_book()
    ~~~~~~~~~~~~~^^
  File "C:\Users\YOONYOO\Desktop\íŒŒì´ì¬ê¼¬ê¼¬ë§ˆ\250923_upgradejournal.py", line 9, in make_pdf_book
    files = sorted([os.path.join(folder, f) for f in os.listdir(folder) if f.endswith(".md")])
                                                     ~~~~~~~~~~^^^^^^^^
FileNotFoundError: [WinError 3] ì§€ì •ëœ ê²½ë¡œë¥¼ ì°¾ì„ ìˆ˜ ì—†ìŠµë‹ˆë‹¤: 'journals'
PS C:\Users\YOONYOO\Desktop\íŒŒì´ì¬ê¼¬ê¼¬ë§ˆ> Python 250923_upgradejournal.py
âš ï¸ ë³€í™˜í•  ì¼ê¸° íŒŒì¼ì´ ì—†ìŠµë‹ˆë‹¤.
PS C:\Users\YOONYOO\Desktop\íŒŒì´ì¬ê¼¬ê¼¬ë§ˆ> Python 250923_upgradejournal.py
Traceback (most recent call last):
  File "C:\Users\YOONYOO\Desktop\íŒŒì´ì¬ê¼¬ê¼¬ë§ˆ\250923_upgradejournal.py", line 51, in <module>
    make_pdf_book()
    ~~~~~~~~~~~~~^^
  File "C:\Users\YOONYOO\Desktop\íŒŒì´ì¬ê¼¬ê¼¬ë§ˆ\250923_upgradejournal.py", line 37, in make_pdf_book
    pypandoc.convert_text(
    ~~~~~~~~~~~~~~~~~~~~~^
        merged_content,
        ^^^^^^^^^^^^^^^
    ...<7 lines>...
        ]
        ^
    )
    ^
  File "C:\Users\YOONYOO\anaconda3\Lib\site-packages\pypandoc\__init__.py", line 94, in convert_text       
    return _convert_input(source, format, 'string', to, extra_args=extra_args,
                          verify_format=verify_format, sandbox=sandbox,
                          cworkdir=cworkdir)
    raise RuntimeError(
        'Pandoc died with exitcode "%s" during conversion: %s' % (p.returncode, stderr)
RuntimeError: Pandoc died with exitcode "47" during conversion: [WARNING] Could not fetch resource cover.jppdflatex not found. Please select a different --pdf-engine or install pdflatex
PS C:\Users\YOONYOO\Desktop\íŒŒì´ì¬ê¼¬ê¼¬ë§ˆ> ^C
PS C:\Users\YOONYOO\Desktop\íŒŒì´ì¬ê¼¬ê¼¬ë§ˆ> Python 250923_sumi_dot
umi_dot': [Errno 2] No such file or directory
PS C:\Users\YOONYOO\Desktop\íŒŒì´ì¬ê¼¬ê¼¬ë§ˆ> Python 250923_sumi_dot
umi_dot': [Errno 2] No such file or directory
PS C:\Users\YOONYOO\Desktop\íŒŒì´ì¬ê¼¬ê¼¬ë§ˆ> python 250923_sumi_dot.py
sumi_dot_soft.jpg ì €ì¥ ì™„ë£Œ!
PS C:\Users\YOONYOO\Desktop\íŒŒì´ì¬ê¼¬ê¼¬ë§ˆ> python 250923_sumi_dot.py
sumi_dot_soft.jpg ì €ì¥ ì™„ë£Œ!
PS C:\Users\YOONYOO\Desktop\íŒŒì´ì¬ê¼¬ê¼¬ë§ˆ> Python Python 250923_upgradejournal.py
C:\Users\YOONYOO\anaconda3\python.exe: can't open file 'C:\\Users\\YOONYOO\\Desktop\\íŒŒì´ì¬ê¼¬ê¼¬ë§ˆ\\Python': [Errno 2] No such file or directory
PS C:\Users\YOONYOO\Desktop\íŒŒì´ì¬ê¼¬ê¼¬ë§ˆ> Python Python 250923_upgradejournal.py
C:\Users\YOONYOO\anaconda3\python.exe: can't open file 'C:\\Users\\YOONYOO\\Desktop\\íŒŒì´ì¬ê¼¬ê¼¬ë§ˆ\\Python': [Errno 2] No such file or directory
PS C:\Users\YOONYOO\Desktop\íŒŒì´ì¬ê¼¬ê¼¬ë§ˆ> python 250923_upgradejournal.py
Traceback (most recent call last):
  File "C:\Users\YOONYOO\Desktop\íŒŒì´ì¬ê¼¬ê¼¬ë§ˆ\250923_upgradejournal.py", line 52, in <module>
    make_pdf_book()
    ~~~~~~~~~~~~~^^
  File "C:\Users\YOONYOO\Desktop\íŒŒì´ì¬ê¼¬ê¼¬ë§ˆ\250923_upgradejournal.py", line 38, in make_pdf_book
    pypandoc.convert_text(
    ~~~~~~~~~~~~~~~~~~~~~^
        merged_content,
        ^^^^^^^^^^^^^^^
    ...<7 lines>...
        ]
        ^
    )
    ^
  File "C:\Users\YOONYOO\anaconda3\Lib\site-packages\pypandoc\__init__.py", line 94, in convert_text
    return _convert_input(source, format, 'string', to, extra_args=extra_args,
                          verify_format=verify_format, sandbox=sandbox,
                          cworkdir=cworkdir)
  File "C:\Users\YOONYOO\anaconda3\Lib\site-packages\pypandoc\__init__.py", line 472, in _convert_input    
    raise RuntimeError(
        'Pandoc died with exitcode "%s" during conversion: %s' % (p.returncode, stderr)
    )
RuntimeError: Pandoc died with exitcode "47" during conversion: [WARNING] Could not fetch resource cover.jpg: replacing image with description
pdflatex not found. Please select a different --pdf-engine or install pdflatex

PS C:\Users\YOONYOO\Desktop\íŒŒì´ì¬ê¼¬ê¼¬ë§ˆ> ^C
PS C:\Users\YOONYOO\Desktop\íŒŒì´ì¬ê¼¬ê¼¬ë§ˆ> python 250923_upgradejournal.py
Traceback (most recent call last):
  File "C:\Users\YOONYOO\Desktop\íŒŒì´ì¬ê¼¬ê¼¬ë§ˆ\250923_upgradejournal.py", line 52, in <module>
    make_pdf_book()
    ~~~~~~~~~~~~~^^
  File "C:\Users\YOONYOO\Desktop\íŒŒì´ì¬ê¼¬ê¼¬ë§ˆ\250923_upgradejournal.py", line 38, in make_pdf_book
    pypandoc.convert_text(
    ~~~~~~~~~~~~~~~~~~~~~^
        merged_content,
        ^^^^^^^^^^^^^^^
    ...<7 lines>...
        ]
        ^
    )
    ^
  File "C:\Users\YOONYOO\anaconda3\Lib\site-packages\pypandoc\__init__.py", line 94, in convert_text       
    return _convert_input(source, format, 'string', to, extra_args=extra_args,
                          outputfile=outputfile, filters=filters,
                          verify_format=verify_format, sandbox=sandbox,
                          cworkdir=cworkdir)
  File "C:\Users\YOONYOO\anaconda3\Lib\site-packages\pypandoc\__init__.py", line 472, in _convert_input    
    raise RuntimeError(
        'Pandoc died with exitcode "%s" during conversion: %s' % (p.returncode, stderr)
    )
RuntimeError: Pandoc died with exitcode "47" during conversion: [WARNING] Could not fetch resource cover.jpg: replacing image with description
[WARNING] Could not fetch resource cover.jpg: replacing image with description
pdflatex not found. Please select a different --pdf-engine or install pdflatex
PS C:\Users\YOONYOO> pdflatex --version
MiKTeX-pdfTeX 4.18 (MiKTeX 24.1)
Â© 1982 D. E. Knuth, Â© 1996-2023 HÃ n Tháº¿ ThÃ nh
TeX is a trademark of the American Mathematical Society.
using bzip2 version 1.0.8, 13-Jul-2019
compiled with curl version 8.4.0; using libcurl/8.4.0 Schannel     
compiled with liblzma version 50040002; using 50040002
compiled with libpng version 1.6.39; using 1.6.39
compiled with libressl version LibreSSL 3.8.1; using LibreSSL 3.8.1
compiled with MiKTeX Application Framework version 4.8; using 4.8
compiled with MiKTeX Core version 4.23; using 4.23
compiled with MiKTeX Archive Extractor version 4.1; using 4.1
compiled with MiKTeX Package Manager version 4.10; using 4.10
compiled with uriparser version 0.9.7
compiled with zlib version 1.2.13; using 1.2.13
PS C:\Users\YOONYOO> cd("C:\Users\YOONYOO\Desktop\íŒŒì´ì¬ê¼¬ê¼¬ë§ˆ")
PS C:\Users\YOONYOO\Desktop\íŒŒì´ì¬ê¼¬ê¼¬ë§ˆ> Pyton 250923_upgradejournal.py
Pyton : 'Pyton' ìš©ì–´ê°€ cmdlet, í•¨ìˆ˜, ìŠ¤í¬ë¦½íŠ¸ íŒŒì¼ ë˜ëŠ” ì‹¤í–‰í•  ìˆ˜ ìˆëŠ” í”„ë¡œê·¸ë¨ ì´ë¦„ìœ¼ë¡œ ì¸ì‹ë˜ì§€ ì•ŠìŠµë‹ˆë‹¤.    
 ì´ë¦„ì´ ì •í™•í•œì§€ í™•ì¸í•˜ê³  ê²½ë¡œê°€ í¬í•¨ëœ ê²½ìš° ê²½ë¡œê°€ ì˜¬ë°”ë¥¸ì§€ ê²€ì¦í•œ ë‹¤ìŒ ë‹¤ì‹œ ì‹œë„í•˜ì‹­ì‹œì˜¤.
ìœ„ì¹˜ ì¤„:1 ë¬¸ì:1
+ Pyton 250923_upgradejournal.py
+ ~~~~~
    + CategoryInfo          : ObjectNotFound: (Pyton:String) [], CommandNotFoundException
    + FullyQualifiedErrorId : CommandNotFoundException

PS C:\Users\YOONYOO\Desktop\íŒŒì´ì¬ê¼¬ê¼¬ë§ˆ> Python 250923_upgradejournal.py
Traceback (most recent call last):
  File "C:\Users\YOONYOO\Desktop\íŒŒì´ì¬ê¼¬ê¼¬ë§ˆ\250923_upgradejournal.py", line 52, in <module>
    make_pdf_book()
    ~~~~~~~~~~~~~^^
  File "C:\Users\YOONYOO\Desktop\íŒŒì´ì¬ê¼¬ê¼¬ë§ˆ\250923_upgradejournal.py", line 38, in make_pdf_book
    pypandoc.convert_text(
    ~~~~~~~~~~~~~~~~~~~~~^
        merged_content,
        ^^^^^^^^^^^^^^^
    ...<7 lines>...
        ]
        ^
    )
    ^
  File "C:\Users\YOONYOO\anaconda3\Lib\site-packages\pypandoc\__init__.py", line 94, in convert_text        
    return _convert_input(source, format, 'string', to, extra_args=extra_args,
                          outputfile=outputfile, filters=filters,
                          verify_format=verify_format, sandbox=sandbox,
                          cworkdir=cworkdir)
  File "C:\Users\YOONYOO\anaconda3\Lib\site-packages\pypandoc\__init__.py", line 472, in _convert_input     
    raise RuntimeError(
        'Pandoc died with exitcode "%s" during conversion: %s' % (p.returncode, stderr)
    )
RuntimeError: Pandoc died with exitcode "43" during conversion: [WARNING] Could not fetch resource cover.jpg: replacing image with description
[WARNING] Could not fetch resource cover.jpg: replacing image with description
Error producing PDF.

Type X to quit or <RETURN> to proceed,
or enter new name. (Default extension: sty)

Enter file name:
! Emergency stop.
<read *>

l.115 \RequirePackage{letltxmacro}[2008/06/13]


PS C:\Users\YOONYOO\Desktop\íŒŒì´ì¬ê¼¬ê¼¬ë§ˆ> Python 250923_upgradejournal.py
Traceback (most recent call last):
  File "C:\Users\YOONYOO\Desktop\íŒŒì´ì¬ê¼¬ê¼¬ë§ˆ\250923_upgradejournal.py", line 52, in <module>
    make_pdf_book()
    ~~~~~~~~~~~~~^^
  File "C:\Users\YOONYOO\Desktop\íŒŒì´ì¬ê¼¬ê¼¬ë§ˆ\250923_upgradejournal.py", line 38, in make_pdf_book
    pypandoc.convert_text(
    ~~~~~~~~~~~~~~~~~~~~~^
        merged_content,
        ^^^^^^^^^^^^^^^
    ...<7 lines>...
        ]
        ^
    )
    ^
  File "C:\Users\YOONYOO\anaconda3\Lib\site-packages\pypandoc\__init__.py", line 94, in convert_text        
    return _convert_input(source, format, 'string', to, extra_args=extra_args,
                          outputfile=outputfile, filters=filters,
                          verify_format=verify_format, sandbox=sandbox,
                          cworkdir=cworkdir)
  File "C:\Users\YOONYOO\anaconda3\Lib\site-packages\pypandoc\__init__.py", line 472, in _convert_input     
    raise RuntimeError(
        'Pandoc died with exitcode "%s" during conversion: %s' % (p.returncode, stderr)
    )
RuntimeError: Pandoc died with exitcode "43" during conversion: [WARNING] Could not fetch resource cover.jpg: replacing image with description
[WARNING] Could not fetch resource cover.jpg: replacing image with description
! LaTeX Error: Unicode character ğŸƒ (U+1F343)
               not set up for use with LaTeX.

See the LaTeX manual or LaTeX Companion for explanation.
Type  H <return>  for immediate help.
 ...

l.58 \section{ğŸƒì‚´ë‘, ì‚´ë‘ğŸƒ}


PS C:\Users\YOONYOO\Desktop\íŒŒì´ì¬ê¼¬ê¼¬ë§ˆ> ^C
PS C:\Users\YOONYOO\Desktop\íŒŒì´ì¬ê¼¬ê¼¬ë§ˆ> Python 250923_upgradejournal.py
Traceback (most recent call last):
  File "C:\Users\YOONYOO\Desktop\íŒŒì´ì¬ê¼¬ê¼¬ë§ˆ\250923_upgradejournal.py", line 52, in <module>
    make_pdf_book()
    ~~~~~~~~~~~~~^^
  File "C:\Users\YOONYOO\Desktop\íŒŒì´ì¬ê¼¬ê¼¬ë§ˆ\250923_upgradejournal.py", line 38, in make_pdf_book
    pypandoc.convert_text(
    ~~~~~~~~~~~~~~~~~~~~~^
        merged_content,
        ^^^^^^^^^^^^^^^
    ...<7 lines>...
        ]
        ^
    )
    ^
  File "C:\Users\YOONYOO\anaconda3\Lib\site-packages\pypandoc\__init__.py", line 94, in convert_text        
    return _convert_input(source, format, 'string', to, extra_args=extra_args,
                          outputfile=outputfile, filters=filters,
                          verify_format=verify_format, sandbox=sandbox,
                          cworkdir=cworkdir)
  File "C:\Users\YOONYOO\anaconda3\Lib\site-packages\pypandoc\__init__.py", line 472, in _convert_input
    raise RuntimeError(
        'Pandoc died with exitcode "%s" during conversion: %s' % (p.returncode, stderr)
    )
RuntimeError: Pandoc died with exitcode "43" during conversion: [WARNING] Could not fetch resource cover.jpg: replacing image with description
Error producing PDF.
! LaTeX Error: Unicode character ğŸƒ (U+1F343)
               not set up for use with LaTeX.

See the LaTeX manual or LaTeX Companion for explanation.
Type  H <return>  for immediate help.
 ...

l.58 \section{ğŸƒì‚´ë‘, ì‚´ë‘ğŸƒ}


PS C:\Users\YOONYOO\Desktop\íŒŒì´ì¬ê¼¬ê¼¬ë§ˆ> Python 250923_upgradejournal.py
Traceback (most recent call last):
  File "C:\Users\YOONYOO\Desktop\íŒŒì´ì¬ê¼¬ê¼¬ë§ˆ\250923_upgradejournal.py", line 53, in <module>
    make_pdf_book()
    ~~~~~~~~~~~~~^^
  File "C:\Users\YOONYOO\Desktop\íŒŒì´ì¬ê¼¬ê¼¬ë§ˆ\250923_upgradejournal.py", line 39, in make_pdf_book
    pypandoc.convert_text(
    ~~~~~~~~~~~~~~~~~~~~~^
        merged_content,
        ^^^^^^^^^^^^^^^
    ...<7 lines>...
        ]
        ^
    )
    ^
  File "C:\Users\YOONYOO\anaconda3\Lib\site-packages\pypandoc\__init__.py", line 94, in convert_text        
    return _convert_input(source, format, 'string', to, extra_args=extra_args,
                          outputfile=outputfile, filters=filters,
                          verify_format=verify_format, sandbox=sandbox,
                          cworkdir=cworkdir)
  File "C:\Users\YOONYOO\anaconda3\Lib\site-packages\pypandoc\__init__.py", line 472, in _convert_input     
    raise RuntimeError(
        'Pandoc died with exitcode "%s" during conversion: %s' % (p.returncode, stderr)
    )
RuntimeError: Pandoc died with exitcode "43" during conversion: [WARNING] Could not fetch resource cover.jpg: replacing image with description
! LaTeX Error: Unicode character ì‚´ (U+C0B4)
               not set up for use with LaTeX.

See the LaTeX manual or LaTeX Companion for explanation.
Type  H <return>  for immediate help.
 ...

l.73 \section{ì‚´ë‘, ì‚´ë‘}


PS C:\Users\YOONYOO\Desktop\íŒŒì´ì¬ê¼¬ê¼¬ë§ˆ> ^C
PS C:\Users\YOONYOO\Desktop\íŒŒì´ì¬ê¼¬ê¼¬ë§ˆ> Python 250923_upgradejournal.py
Traceback (most recent call last):
  File "C:\Users\YOONYOO\Desktop\íŒŒì´ì¬ê¼¬ê¼¬ë§ˆ\250923_upgradejournal.py", line 55, in <module>
    make_pdf_book()
    ~~~~~~~~~~~~~^^
  File "C:\Users\YOONYOO\Desktop\íŒŒì´ì¬ê¼¬ê¼¬ë§ˆ\250923_upgradejournal.py", line 41, in make_pdf_book
    pypandoc.convert_text(
    ~~~~~~~~~~~~~~~~~~~~~^
        merged_content,
        ^^^^^^^^^^^^^^^
    ...<7 lines>...
        ]
        ^
    )
    ^
  File "C:\Users\YOONYOO\anaconda3\Lib\site-packages\pypandoc\__init__.py", line 94, in convert_text
    return _convert_input(source, format, 'string', to, extra_args=extra_args,
                          outputfile=outputfile, filters=filters,
                          verify_format=verify_format, sandbox=sandbox,
                          cworkdir=cworkdir)
  File "C:\Users\YOONYOO\anaconda3\Lib\site-packages\pypandoc\__init__.py", line 472, in _convert_input     
    raise RuntimeError(
        'Pandoc died with exitcode "%s" during conversion: %s' % (p.returncode, stderr)
RuntimeError: Pandoc died with exitcode "43" during conversion: Error producing PDF.
! LaTeX Error: Unicode character ì‚´ (U+C0B4)
               not set up for use with LaTeX.

See the LaTeX manual or LaTeX Companion for explanation.
Type  H <return>  for immediate help.
 ...

l.73 \section{ì‚´ë‘, ì‚´ë‘}

PS C:\Users\YOONYOO> cd("C:\Users\YOONYOO\Desktop\íŒŒì´ì¬ê¼¬ê¼¬ë§ˆ")
PS C:\Users\YOONYOO\Desktop\íŒŒì´ì¬ê¼¬ê¼¬ë§ˆ> exit()
ìœ„ì¹˜ ì¤„:1 ë¬¸ì:6
+ exit()
+      ~
'(' ë’¤ì— ì‹ì´ ì™€ì•¼ í•©ë‹ˆë‹¤.
    + CategoryInfo          : ParserError: (:) [], ParentContainsErrorRecordException
    + FullyQualifiedErrorId : ExpectedExpression
 
PS C:\Users\YOONYOO\Desktop\íŒŒì´ì¬ê¼¬ê¼¬ë§ˆ>
 *  History restored 

PS C:\Users\YOONYOO> cd("C:\Users\YOONYOO\Desktop\íŒŒì´ì¬ê¼¬ê¼¬ë§ˆ")
PS C:\Users\YOONYOO\Desktop\íŒŒì´ì¬ê¼¬ê¼¬ë§ˆ> Python test_pdf.py
ğŸ–¨ï¸ PDF ë³€í™˜ ì¤‘...
âœ… PDF ë³€í™˜ ì™„ë£Œ! 'test.pdf' íŒŒì¼ì„ í™•ì¸í•˜ì„¸ìš”.
â±ï¸ ì „ì²´ ì‹¤í–‰ ì‹œê°„: 82.95ì´ˆ
PS C:\Users\YOONYOO\Desktop\íŒŒì´ì¬ê¼¬ê¼¬ë§ˆ> Python 250923_upgradejournal.py
ğŸš€ PDF ë³€í™˜ ì‹œì‘!
ğŸ“ journals í´ë” í™•ì¸ ì¤‘...
ğŸ“„ .md íŒŒì¼ ë¶ˆëŸ¬ì˜¤ëŠ” ì¤‘... 
ğŸ§¾ í‘œì§€ ìƒì„± ì¤‘...
âœ… í‘œì§€ ìƒì„± ì™„ë£Œ!
ğŸ“¦ íŒŒì¼ ë³‘í•© ì¤‘...
ğŸ“„ ë³‘í•© ì§„í–‰: 100%|â–ˆâ–ˆâ–ˆâ–ˆâ–ˆâ–ˆâ–ˆâ–ˆâ–ˆâ–ˆâ–ˆâ–ˆâ–ˆâ–ˆâ–ˆâ–ˆâ–ˆâ–ˆâ–ˆâ–ˆâ–ˆâ–ˆâ–ˆâ–ˆâ–ˆâ–ˆâ–ˆâ–ˆâ–ˆâ–ˆâ–ˆâ–ˆâ–ˆâ–ˆâ–ˆâ–ˆâ–ˆâ–ˆâ–ˆâ–ˆâ–ˆâ–ˆâ–ˆâ–ˆâ–ˆâ–ˆâ–ˆâ–ˆâ–ˆâ–ˆâ–ˆâ–ˆâ–ˆâ–ˆâ–ˆâ–ˆâ–ˆâ–ˆ| 4/4 [00:00<00:00, 353.50it/s]
âœ… íŒŒì¼ ë³‘í•© ì™„ë£Œ!
ğŸ–¨ï¸ PDF ë³€í™˜ ì¤‘ (ì ì‹œ ê¸°ë‹¤ë ¤ì£¼ì„¸ìš”)...
Traceback (most recent call last):
  File "C:\Users\YOONYOO\Desktop\íŒŒì´ì¬ê¼¬ê¼¬ë§ˆ\250923_upgradejournal.py", line 66, in <module>
    make_pdf_book()
    ~~~~~~~~~~~~~^^
  File "C:\Users\YOONYOO\Desktop\íŒŒì´ì¬ê¼¬ê¼¬ë§ˆ\250923_upgradejournal.py", line 48, in make_pdf_book
    pypandoc.convert_text(
    ~~~~~~~~~~~~~~~~~~~~~^
        merged_content,
        ^^^^^^^^^^^^^^^
    ...<9 lines>...
        ]
        ^
    )
    ^
  File "C:\Users\YOONYOO\anaconda3\Lib\site-packages\pypandoc\__init__.py", line 94, in convert_text
    return _convert_input(source, format, 'string', to, extra_args=extra_args,
                          outputfile=outputfile, filters=filters,
                          verify_format=verify_format, sandbox=sandbox,
                          cworkdir=cworkdir)
  File "C:\Users\YOONYOO\anaconda3\Lib\site-packages\pypandoc\__init__.py", line 472, in _convert_input      
    raise RuntimeError(
        'Pandoc died with exitcode "%s" during conversion: %s' % (p.returncode, stderr)
    )
RuntimeError: Pandoc died with exitcode "43" during conversion: 
Sorry, but miktex-makemf did not succeed.

The log file hopefully contains the information to get MiKTeX going again:

  C:\Users\YOONYOO\AppData\Local\MiKTeX\miktex\log\miktex-makemf.log
Couldn't open `NanumGoth.cfg'

hbf2gf (CJK ver. 4.8.4)


Sorry, but miktex-maketfm did not succeed.


  C:\Users\YOONYOO\AppData\Local\MiKTeX\miktex\log\miktex-maketfm.log
Error producing PDF.
! Package fontspec Error: The font "NanumGothic" cannot be found.

For immediate help type H <return>.
 ...

l.23 \fi

PS C:\Users\YOONYOO> cd("C:\Users\YOONYOO\Desktop\íŒŒì´ì¬ê¼¬ê¼¬ë§ˆ")
PS C:\Users\YOONYOO\Desktop\íŒŒì´ì¬ê¼¬ê¼¬ë§ˆ> exit()
ìœ„ì¹˜ ì¤„:1 ë¬¸ì:6
+ exit()
+      ~
'(' ë’¤ì— ì‹ì´ ì™€ì•¼ í•©ë‹ˆë‹¤.
    + CategoryInfo          : ParserError: (:) [], ParentContainsErrorRecordException
    + FullyQualifiedErrorId : ExpectedExpression
 
PS C:\Users\YOONYOO\Desktop\íŒŒì´ì¬ê¼¬ê¼¬ë§ˆ>
 *  History restored 

PS C:\Users\YOONYOO> cd("C:\Users\YOONYOO\Desktop\íŒŒì´ì¬ê¼¬ê¼¬ë§ˆ")
PS C:\Users\YOONYOO\Desktop\íŒŒì´ì¬ê¼¬ê¼¬ë§ˆ> Python test_pdf.py
ğŸ–¨ï¸ PDF ë³€í™˜ ì¤‘...
âœ… PDF ë³€í™˜ ì™„ë£Œ! 'test.pdf' íŒŒì¼ì„ í™•ì¸í•˜ì„¸ìš”.
â±ï¸ ì „ì²´ ì‹¤í–‰ ì‹œê°„: 82.95ì´ˆ
PS C:\Users\YOONYOO\Desktop\íŒŒì´ì¬ê¼¬ê¼¬ë§ˆ> Python 250923_upgradejournal.py
ğŸš€ PDF ë³€í™˜ ì‹œì‘!
ğŸ“ journals í´ë” í™•ì¸ ì¤‘...
ğŸ“„ .md íŒŒì¼ ë¶ˆëŸ¬ì˜¤ëŠ” ì¤‘... 
ğŸ§¾ í‘œì§€ ìƒì„± ì¤‘...
âœ… í‘œì§€ ìƒì„± ì™„ë£Œ!
ğŸ“¦ íŒŒì¼ ë³‘í•© ì¤‘...
ğŸ“„ ë³‘í•© ì§„í–‰: 100%|â–ˆâ–ˆâ–ˆâ–ˆâ–ˆâ–ˆâ–ˆâ–ˆâ–ˆâ–ˆâ–ˆâ–ˆâ–ˆâ–ˆâ–ˆâ–ˆâ–ˆâ–ˆâ–ˆâ–ˆâ–ˆâ–ˆâ–ˆâ–ˆâ–ˆâ–ˆâ–ˆâ–ˆâ–ˆâ–ˆâ–ˆâ–ˆâ–ˆâ–ˆâ–ˆâ–ˆâ–ˆâ–ˆâ–ˆâ–ˆâ–ˆâ–ˆâ–ˆâ–ˆâ–ˆâ–ˆâ–ˆâ–ˆâ–ˆâ–ˆâ–ˆâ–ˆâ–ˆâ–ˆâ–ˆâ–ˆâ–ˆâ–ˆ| 4/4 [00:00<00:00, 353.50it/s]
âœ… íŒŒì¼ ë³‘í•© ì™„ë£Œ!
ğŸ–¨ï¸ PDF ë³€í™˜ ì¤‘ (ì ì‹œ ê¸°ë‹¤ë ¤ì£¼ì„¸ìš”)...
Traceback (most recent call last):
  File "C:\Users\YOONYOO\Desktop\íŒŒì´ì¬ê¼¬ê¼¬ë§ˆ\250923_upgradejournal.py", line 66, in <module>
    make_pdf_book()
    ~~~~~~~~~~~~~^^
  File "C:\Users\YOONYOO\Desktop\íŒŒì´ì¬ê¼¬ê¼¬ë§ˆ\250923_upgradejournal.py", line 48, in make_pdf_book
    pypandoc.convert_text(
    ~~~~~~~~~~~~~~~~~~~~~^
        merged_content,
        ^^^^^^^^^^^^^^^
    ...<9 lines>...
        ]
        ^
    )
    ^
  File "C:\Users\YOONYOO\anaconda3\Lib\site-packages\pypandoc\__init__.py", line 94, in convert_text
    return _convert_input(source, format, 'string', to, extra_args=extra_args,
                          outputfile=outputfile, filters=filters,
                          verify_format=verify_format, sandbox=sandbox,
                          cworkdir=cworkdir)
  File "C:\Users\YOONYOO\anaconda3\Lib\site-packages\pypandoc\__init__.py", line 472, in _convert_input      
    raise RuntimeError(
        'Pandoc died with exitcode "%s" during conversion: %s' % (p.returncode, stderr)
    )
RuntimeError: Pandoc died with exitcode "43" during conversion: 
Sorry, but miktex-makemf did not succeed.

The log file hopefully contains the information to get MiKTeX going again:

  C:\Users\YOONYOO\AppData\Local\MiKTeX\miktex\log\miktex-makemf.log
Couldn't open `NanumGoth.cfg'

hbf2gf (CJK ver. 4.8.4)


Sorry, but miktex-maketfm did not succeed.


  C:\Users\YOONYOO\AppData\Local\MiKTeX\miktex\log\miktex-maketfm.log
Error producing PDF.
! Package fontspec Error: The font "NanumGothic" cannot be found.

For immediate help type H <return>.
 ...

l.23 \fi


PS C:\Users\YOONYOO\Desktop\íŒŒì´ì¬ê¼¬ê¼¬ë§ˆ> Python 250923_upgradejournal.py
ğŸš€ PDF ë³€í™˜ ì‹œì‘!
ğŸ“ journals í´ë” í™•ì¸ ì¤‘...
ğŸ“„ .md íŒŒì¼ ë¶ˆëŸ¬ì˜¤ëŠ” ì¤‘...
ğŸ§¾ í‘œì§€ ìƒì„± ì¤‘...
âœ… í‘œì§€ ìƒì„± ì™„ë£Œ!
ğŸ“¦ íŒŒì¼ ë³‘í•© ì¤‘...
ğŸ“„ ë³‘í•© ì§„í–‰: 100%|â–ˆâ–ˆâ–ˆâ–ˆâ–ˆâ–ˆâ–ˆâ–ˆâ–ˆâ–ˆâ–ˆâ–ˆâ–ˆâ–ˆâ–ˆâ–ˆâ–ˆâ–ˆâ–ˆâ–ˆâ–ˆâ–ˆâ–ˆâ–ˆâ–ˆâ–ˆâ–ˆâ–ˆâ–ˆâ–ˆâ–ˆâ–ˆâ–ˆâ–ˆâ–ˆâ–ˆâ–ˆâ–ˆâ–ˆâ–ˆâ–ˆâ–ˆâ–ˆâ–ˆâ–ˆâ–ˆâ–ˆâ–ˆâ–ˆâ–ˆâ–ˆâ–ˆâ–ˆâ–ˆâ–ˆâ–ˆâ–ˆâ–ˆ| 4/4 [00:00<00:00, 655.13it/s]
âœ… íŒŒì¼ ë³‘í•© ì™„ë£Œ!
ğŸ–¨ï¸ PDF ë³€í™˜ ì¤‘ (ì ì‹œ ê¸°ë‹¤ë ¤ì£¼ì„¸ìš”)...
[WARNING] Missing character: There is no ì—¬ (U+C5EC) in font [lmmono10-regular]:!
[WARNING] Missing character: There is no ì—¬ (U+C5EC) in font [lmmono10-regular]:!
[WARNING] Missing character: There is no ì—¬ (U+C5EC) in font [lmmono10-regular]:!
[WARNING] Missing character: There is no ëŸ¬ (U+B7EC) in font [lmmono10-regular]:!
[WARNING] Missing character: There is no í´ (U+D3F4) in font [lmmono10-regular]:!
[WARNING] Missing character: There is no ë” (U+B354) in font [lmmono10-regular]:!
[WARNING] Missing character: There is no íŒŒ (U+D30C) in font [lmmono10-regular]:!
[WARNING] Missing character: There is no ì¼ (U+C77C) in font [lmmono10-regular]:!
[WARNING] Missing character: There is no ëª© (U+BAA9) in font [lmmono10-regular]:!
[WARNING] Missing character: There is no ë¡ (U+B85D) in font [lmmono10-regular]:!
[WARNING] Missing character: There is no ìš© (U+C6A9) in font [lmmono10-regular]:!
[WARNING] Missing character: There is no ì–´ (U+C5B4) in font [lmmono10-regular]:!
[WARNING] Missing character: There is no ê°€ (U+AC00) in font [lmmono10-regular]:!
[WARNING] Missing character: There is no í•¨ (U+D568) in font [lmmono10-regular]:!
[WARNING] Missing character: There is no ìˆ˜ (U+C218) in font [lmmono10-regular]:!
[WARNING] Missing character: There is no ìŠ¤ (U+C2A4) in font [lmmono10-regular]:!
[WARNING] Missing character: There is no í¬ (U+D06C) in font [lmmono10-regular]:!
[WARNING] Missing character: There is no ë¦½ (U+B9BD) in font [lmmono10-regular]:!
[WARNING] Missing character: There is no íŠ¸ (U+D2B8) in font [lmmono10-regular]:!
[WARNING] Missing character: There is no íŒŒ (U+D30C) in font [lmmono10-regular]:!
[WARNING] Missing character: There is no ì¼ (U+C77C) in font [lmmono10-regular]:!
[WARNING] Missing character: There is no ë˜ (U+B610) in font [lmmono10-regular]:!
[WARNING] Missing character: There is no ëŠ” (U+B294) in font [lmmono10-regular]:!
[WARNING] Missing character: There is no ì‹¤ (U+C2E4) in font [lmmono10-regular]:!
[WARNING] Missing character: There is no í–‰ (U+D589) in font [lmmono10-regular]:!
[WARNING] Missing character: There is no í•  (U+D560) in font [lmmono10-regular]:!
[WARNING] Missing character: There is no ìˆ˜ (U+C218) in font [lmmono10-regular]:!
[WARNING] Missing character: There is no ìˆ (U+C788) in font [lmmono10-regular]:!
[WARNING] Missing character: There is no ëŠ” (U+B294) in font [lmmono10-regular]:!
[WARNING] Missing character: There is no ì´ (U+C774) in font [lmmono10-regular]:!
[WARNING] Missing character: There is no ë¦„ (U+B984) in font [lmmono10-regular]:!
[WARNING] Missing character: There is no ì´ (U+C774) in font [lmmono10-regular]:!
[WARNING] Missing character: There is no ì • (U+C815) in font [lmmono10-regular]:!
[WARNING] Missing character: There is no í™• (U+D655) in font [lmmono10-regular]:!
[WARNING] Missing character: There is no í•œ (U+D55C) in font [lmmono10-regular]:!
[WARNING] Missing character: There is no ì§€ (U+C9C0) in font [lmmono10-regular]:!
[WARNING] Missing character: There is no í™• (U+D655) in font [lmmono10-regular]:!
[WARNING] Missing character: There is no ì¸ (U+C778) in font [lmmono10-regular]:!
[WARNING] Missing character: There is no í•˜ (U+D558) in font [lmmono10-regular]:!
[WARNING] Missing character: There is no ê³  (U+ACE0) in font [lmmono10-regular]:!
[WARNING] Missing character: There is no ê²½ (U+ACBD) in font [lmmono10-regular]:!
[WARNING] Missing character: There is no ë¡œ (U+B85C) in font [lmmono10-regular]:!
[WARNING] Missing character: There is no ê°€ (U+AC00) in font [lmmono10-regular]:!
[WARNING] Missing character: There is no í¬ (U+D3EC) in font [lmmono10-regular]:!
[WARNING] Missing character: There is no í•¨ (U+D568) in font [lmmono10-regular]:!
[WARNING] Missing character: There is no ëœ (U+B41C) in font [lmmono10-regular]:!
[WARNING] Missing character: There is no ê²½ (U+ACBD) in font [lmmono10-regular]:!
[WARNING] Missing character: There is no ìš° (U+C6B0) in font [lmmono10-regular]:!
[WARNING] Missing character: There is no ê²½ (U+ACBD) in font [lmmono10-regular]:!
[WARNING] Missing character: There is no ë¡œ (U+B85C) in font [lmmono10-regular]:!
[WARNING] Missing character: There is no ê°€ (U+AC00) in font [lmmono10-regular]:!
[WARNING] Missing character: There is no ì˜¬ (U+C62C) in font [lmmono10-regular]:!
[WARNING] Missing character: There is no ë°” (U+BC14) in font [lmmono10-regular]:!
[WARNING] Missing character: There is no ë¥¸ (U+B978) in font [lmmono10-regular]:!
[WARNING] Missing character: There is no ì§€ (U+C9C0) in font [lmmono10-regular]:!
[WARNING] Missing character: There is no ê²€ (U+AC80) in font [lmmono10-regular]:!
[WARNING] Missing character: There is no ì¦ (U+C99D) in font [lmmono10-regular]:!
[WARNING] Missing character: There is no í•œ (U+D55C) in font [lmmono10-regular]:!
[WARNING] Missing character: There is no ì˜¤ (U+C624) in font [lmmono10-regular]:!
[WARNING] Missing character: There is no ì˜¤ (U+C624) in font [lmmono10-regular]:!
[WARNING] Missing character: There is no ì˜¤ (U+C624) in font [lmmono10-regular]:!
[WARNING] Missing character: There is no íƒ€ (U+D0C0) in font [lmmono10-regular]:!
[WARNING] Missing character: There is no ë¡œ (U+B85C) in font [lmmono10-regular]:!
[WARNING] Missing character: There is no ì¸ (U+C778) in font [lmmono10-regular]:!
[WARNING] Missing character: There is no í•œ (U+D55C) in font [lmmono10-regular]:!
[WARNING] Missing character: There is no ì— (U+C5D0) in font [lmmono10-regular]:!
[WARNING] Missing character: There is no ëŸ¬ (U+B7EC) in font [lmmono10-regular]:!
[WARNING] Missing character: There is no ë©” (U+BA54) in font [lmmono10-regular]:!
[WARNING] Missing character: There is no ì‹œ (U+C2DC) in font [lmmono10-regular]:!
[WARNING] Missing character: There is no ì§€ (U+C9C0) in font [lmmono10-regular]:!
[WARNING] Missing character: There is no íŒŒ (U+D30C) in font [lmmono10-regular]:!
[WARNING] Missing character: There is no ì´ (U+C774) in font [lmmono10-regular]:!
[WARNING] Missing character: There is no ì¬ (U+C36C) in font [lmmono10-regular]:!
[WARNING] Missing character: There is no ê¼¬ (U+AF2C) in font [lmmono10-regular]:!
[WARNING] Missing character: There is no ê¼¬ (U+AF2C) in font [lmmono10-regular]:!
[WARNING] Missing character: There is no ë§ˆ (U+B9C8) in font [lmmono10-regular]:!
[WARNING] Missing character: There is no íŒŒ (U+D30C) in font [lmmono10-regular]:!
[WARNING] Missing character: There is no ì´ (U+C774) in font [lmmono10-regular]:!
[WARNING] Missing character: There is no ì¬ (U+C36C) in font [lmmono10-regular]:!
[WARNING] Missing character: There is no ê¼¬ (U+AF2C) in font [lmmono10-regular]:!
[WARNING] Missing character: There is no ê¼¬ (U+AF2C) in font [lmmono10-regular]:!
[WARNING] Missing character: There is no ë§ˆ (U+B9C8) in font [lmmono10-regular]:!
[WARNING] Missing character: There is no íŒŒ (U+D30C) in font [lmmono10-regular]:!
[WARNING] Missing character: There is no ì´ (U+C774) in font [lmmono10-regular]:!
[WARNING] Missing character: There is no ì¬ (U+C36C) in font [lmmono10-regular]:!
[WARNING] Missing character: There is no ê¼¬ (U+AF2C) in font [lmmono10-regular]:!
[WARNING] Missing character: There is no ê¼¬ (U+AF2C) in font [lmmono10-regular]:!
[WARNING] Missing character: There is no ë§ˆ (U+B9C8) in font [lmmono10-regular]:!
[WARNING] Missing character: There is no íŒŒ (U+D30C) in font [lmmono10-regular]:!
[WARNING] Missing character: There is no ì´ (U+C774) in font [lmmono10-regular]:!
[WARNING] Missing character: There is no ì¬ (U+C36C) in font [lmmono10-regular]:!
[WARNING] Missing character: There is no ê¼¬ (U+AF2C) in font [lmmono10-regular]:!
[WARNING] Missing character: There is no ê¼¬ (U+AF2C) in font [lmmono10-regular]:!
[WARNING] Missing character: There is no ë§ˆ (U+B9C8) in font [lmmono10-regular]:!
[WARNING] Missing character: There is no ì˜¤ (U+C624) in font [lmmono10-regular]:!
[WARNING] Missing character: There is no ëŠ˜ (U+B298) in font [lmmono10-regular]:!
[WARNING] Missing character: There is no ì˜¤ (U+C624) in font [lmmono10-regular]:!
[WARNING] Missing character: There is no ëŠ˜ (U+B298) in font [lmmono10-regular]:!
[WARNING] Missing character: There is no ì˜¤ (U+C624) in font [lmmono10-regular]:!
[WARNING] Missing character: There is no ëŠ˜ (U+B298) in font [lmmono10-regular]:!
[WARNING] Missing character: There is no ì˜ (U+C758) in font [lmmono10-regular]:!
[WARNING] Missing character: There is no ê¸€ (U+AE00) in font [lmmono10-regular]:!
[WARNING] Missing character: There is no ì„ (U+C744) in font [lmmono10-regular]:!
[WARNING] Missing character: There is no ì  (U+C801) in font [lmmono10-regular]:!
[WARNING] Missing character: There is no ì–´ (U+C5B4) in font [lmmono10-regular]:!
[WARNING] Missing character: There is no ì£¼ (U+C8FC) in font [lmmono10-regular]:!
[WARNING] Missing character: There is no ì„¸ (U+C138) in font [lmmono10-regular]:!
[WARNING] Missing character: There is no ìš” (U+C694) in font [lmmono10-regular]:!
[WARNING] Missing character: There is no ìƒ‰ (U+C0C9) in font [lmmono10-regular]:!
[WARNING] Missing character: There is no ë‹¤ (U+B2E4) in font [lmmono10-regular]:!
[WARNING] Missing character: There is no ë¥¸ (U+B978) in font [lmmono10-regular]:!
[WARNING] Missing character: There is no ê¸° (U+AE30) in font [lmmono10-regular]:!
[WARNING] Missing character: There is no ë¶„ (U+BD84) in font [lmmono10-regular]:!
[WARNING] Missing character: There is no ì´ (U+C774) in font [lmmono10-regular]:!
[WARNING] Missing character: There is no ë‹¤ (U+B2E4) in font [lmmono10-regular]:!
[WARNING] Missing character: There is no ë‚¯ (U+B0AF) in font [lmmono10-regular]:!
[WARNING] Missing character: There is no ì„¤ (U+C124) in font [lmmono10-regular]:!
[WARNING] Missing character: There is no ê³  (U+ACE0) in font [lmmono10-regular]:!
[WARNING] Missing character: There is no ë˜ (U+B610) in font [lmmono10-regular]:!
[WARNING] Missing character: There is no ì‹  (U+C2E0) in font [lmmono10-regular]:!
[WARNING] Missing character: There is no ê¸° (U+AE30) in font [lmmono10-regular]:!
[WARNING] Missing character: There is no í•˜ (U+D558) in font [lmmono10-regular]:!
[WARNING] Missing character: There is no ê¸° (U+AE30) in font [lmmono10-regular]:!
[WARNING] Missing character: There is no ë„ (U+B3C4) in font [lmmono10-regular]:!
[WARNING] Missing character: There is no í•˜ (U+D558) in font [lmmono10-regular]:!
[WARNING] Missing character: There is no ê³  (U+ACE0) in font [lmmono10-regular]:!
[WARNING] Missing character: There is no ì´ (U+C774) in font [lmmono10-regular]:!
[WARNING] Missing character: There is no ê²Œ (U+AC8C) in font [lmmono10-regular]:!
[WARNING] Missing character: There is no ì • (U+C815) in font [lmmono10-regular]:!
[WARNING] Missing character: There is no ë§ (U+B9D0) in font [lmmono10-regular]:!
[WARNING] Missing character: There is no ì € (U+C800) in font [lmmono10-regular]:!
[WARNING] Missing character: There is no ì¥ (U+C7A5) in font [lmmono10-regular]:!
[WARNING] Missing character: There is no ì´ (U+C774) in font [lmmono10-regular]:!
[WARNING] Missing character: There is no ë˜ (U+B418) in font [lmmono10-regular]:!
[WARNING] Missing character: There is no ëŠ” (U+B294) in font [lmmono10-regular]:!
[WARNING] Missing character: There is no ê±¸ (U+AC78) in font [lmmono10-regular]:!
[WARNING] Missing character: There is no ê¹Œ (U+AE4C) in font [lmmono10-regular]:!
[WARNING] Missing character: There is no ì € (U+C800) in font [lmmono10-regular]:!
[WARNING] Missing character: There is no ì¥ (U+C7A5) in font [lmmono10-regular]:!
[WARNING] Missing character: There is no ì € (U+C800) in font [lmmono10-regular]:!
[WARNING] Missing character: There is no ì¥ (U+C7A5) in font [lmmono10-regular]:!
[WARNING] Missing character: There is no ì € (U+C800) in font [lmmono10-regular]:!
[WARNING] Missing character: There is no ì¥ (U+C7A5) in font [lmmono10-regular]:!
[WARNING] Missing character: There is no ì™„ (U+C644) in font [lmmono10-regular]:!
[WARNING] Missing character: There is no ë£Œ (U+B8CC) in font [lmmono10-regular]:!
[WARNING] Missing character: There is no íŒŒ (U+D30C) in font [lmmono10-regular]:!
[WARNING] Missing character: There is no ì¼ (U+C77C) in font [lmmono10-regular]:!
[WARNING] Missing character: There is no ì— (U+C5D0) in font [lmmono10-regular]:!
[WARNING] Missing character: There is no ì„œ (U+C11C) in font [lmmono10-regular]:!
[WARNING] Missing character: There is no í™• (U+D655) in font [lmmono10-regular]:!
[WARNING] Missing character: There is no ì¸ (U+C778) in font [lmmono10-regular]:!
[WARNING] Missing character: There is no í•´ (U+D574) in font [lmmono10-regular]:!
[WARNING] Missing character: There is no ë³´ (U+BCF4) in font [lmmono10-regular]:!
[WARNING] Missing character: There is no ì„¸ (U+C138) in font [lmmono10-regular]:!
[WARNING] Missing character: There is no ìš” (U+C694) in font [lmmono10-regular]:!
[WARNING] Missing character: There is no ğŸ“– (U+1F4D6) in font [lmmono10-regular]:!
[WARNING] Missing character: There is no íŒŒ (U+D30C) in font [lmmono10-regular]:!
[WARNING] Missing character: There is no ì´ (U+C774) in font [lmmono10-regular]:!
[WARNING] Missing character: There is no ì¬ (U+C36C) in font [lmmono10-regular]:!
[WARNING] Missing character: There is no ê¼¬ (U+AF2C) in font [lmmono10-regular]:!
[WARNING] Missing character: There is no ë§ˆ (U+B9C8) in font [lmmono10-regular]:!
[WARNING] Missing character: There is no íŒŒ (U+D30C) in font [lmmono10-regular]:!
[WARNING] Missing character: There is no ì´ (U+C774) in font [lmmono10-regular]:!
[WARNING] Missing character: There is no ì¬ (U+C36C) in font [lmmono10-regular]:!
[WARNING] Missing character: There is no ê¼¬ (U+AF2C) in font [lmmono10-regular]:!
[WARNING] Missing character: There is no ê¼¬ (U+AF2C) in font [lmmono10-regular]:!
[WARNING] Missing character: There is no ë§ˆ (U+B9C8) in font [lmmono10-regular]:!

âœ… PDF ë³€í™˜ ì™„ë£Œ! 'MyDiary.pdf' íŒŒì¼ì„ í™•ì¸í•˜ì„¸ìš”.
â±ï¸ ì „ì²´ ì‹¤í–‰ ì‹œê°„: 39.33ì´ˆ
PS C:\Users\YOONYOO\Desktop\íŒŒì´ì¬ê¼¬ê¼¬ë§ˆ> Python 250923_upgradejournal.py
ğŸš€ PDF ë³€í™˜ ì‹œì‘!
ğŸ“ journals í´ë” í™•ì¸ ì¤‘...
ğŸ“„ .md íŒŒì¼ ë¶ˆëŸ¬ì˜¤ëŠ” ì¤‘...
ğŸ§¾ í‘œì§€ ìƒì„± ì¤‘...
âœ… í‘œì§€ ìƒì„± ì™„ë£Œ!
ğŸ“¦ íŒŒì¼ ë³‘í•© ì¤‘...
ğŸ“„ ë³‘í•© ì§„í–‰: 100%|â–ˆâ–ˆâ–ˆâ–ˆâ–ˆâ–ˆâ–ˆâ–ˆâ–ˆâ–ˆâ–ˆâ–ˆâ–ˆâ–ˆâ–ˆâ–ˆâ–ˆâ–ˆâ–ˆâ–ˆâ–ˆâ–ˆâ–ˆâ–ˆâ–ˆâ–ˆâ–ˆâ–ˆâ–ˆâ–ˆâ–ˆâ–ˆâ–ˆâ–ˆâ–ˆâ–ˆâ–ˆâ–ˆâ–ˆâ–ˆâ–ˆâ–ˆâ–ˆâ–ˆâ–ˆâ–ˆâ–ˆâ–ˆâ–ˆâ–ˆâ–ˆâ–ˆâ–ˆâ–ˆâ–ˆâ–ˆâ–ˆâ–ˆ| 4/4 [00:00<00:00, 503.29it/s]
âœ… íŒŒì¼ ë³‘í•© ì™„ë£Œ!
ğŸ–¨ï¸ PDF ë³€í™˜ ì¤‘ (ì ì‹œ ê¸°ë‹¤ë ¤ì£¼ì„¸ìš”)...
[WARNING] Missing character: There is no ì—¬ (U+C5EC) in font [lmmono10-regular]:!
[WARNING] Missing character: There is no ì—¬ (U+C5EC) in font [lmmono10-regular]:!
[WARNING] Missing character: There is no ì—¬ (U+C5EC) in font [lmmono10-regular]:!
[WARNING] Missing character: There is no ëŸ¬ (U+B7EC) in font [lmmono10-regular]:!
[WARNING] Missing character: There is no í´ (U+D3F4) in font [lmmono10-regular]:!
[WARNING] Missing character: There is no ë” (U+B354) in font [lmmono10-regular]:!
[WARNING] Missing character: There is no íŒŒ (U+D30C) in font [lmmono10-regular]:!
[WARNING] Missing character: There is no ì¼ (U+C77C) in font [lmmono10-regular]:!
[WARNING] Missing character: There is no ëª© (U+BAA9) in font [lmmono10-regular]:!
[WARNING] Missing character: There is no ë¡ (U+B85D) in font [lmmono10-regular]:!
[WARNING] Missing character: There is no ìš© (U+C6A9) in font [lmmono10-regular]:!
[WARNING] Missing character: There is no ì–´ (U+C5B4) in font [lmmono10-regular]:!
[WARNING] Missing character: There is no ê°€ (U+AC00) in font [lmmono10-regular]:!
[WARNING] Missing character: There is no í•¨ (U+D568) in font [lmmono10-regular]:!
[WARNING] Missing character: There is no ìˆ˜ (U+C218) in font [lmmono10-regular]:!
[WARNING] Missing character: There is no ìŠ¤ (U+C2A4) in font [lmmono10-regular]:!
[WARNING] Missing character: There is no í¬ (U+D06C) in font [lmmono10-regular]:!
[WARNING] Missing character: There is no ë¦½ (U+B9BD) in font [lmmono10-regular]:!
[WARNING] Missing character: There is no íŠ¸ (U+D2B8) in font [lmmono10-regular]:!
[WARNING] Missing character: There is no íŒŒ (U+D30C) in font [lmmono10-regular]:!
[WARNING] Missing character: There is no ì¼ (U+C77C) in font [lmmono10-regular]:!
[WARNING] Missing character: There is no ë˜ (U+B610) in font [lmmono10-regular]:!
[WARNING] Missing character: There is no ëŠ” (U+B294) in font [lmmono10-regular]:!
[WARNING] Missing character: There is no ì‹¤ (U+C2E4) in font [lmmono10-regular]:!
[WARNING] Missing character: There is no í–‰ (U+D589) in font [lmmono10-regular]:!
[WARNING] Missing character: There is no í•  (U+D560) in font [lmmono10-regular]:!
[WARNING] Missing character: There is no ìˆ˜ (U+C218) in font [lmmono10-regular]:!
[WARNING] Missing character: There is no ìˆ (U+C788) in font [lmmono10-regular]:!
[WARNING] Missing character: There is no ëŠ” (U+B294) in font [lmmono10-regular]:!
[WARNING] Missing character: There is no ì´ (U+C774) in font [lmmono10-regular]:!
[WARNING] Missing character: There is no ë¦„ (U+B984) in font [lmmono10-regular]:!
[WARNING] Missing character: There is no ì´ (U+C774) in font [lmmono10-regular]:!
[WARNING] Missing character: There is no ì • (U+C815) in font [lmmono10-regular]:!
[WARNING] Missing character: There is no í™• (U+D655) in font [lmmono10-regular]:!
[WARNING] Missing character: There is no í•œ (U+D55C) in font [lmmono10-regular]:!
[WARNING] Missing character: There is no ì§€ (U+C9C0) in font [lmmono10-regular]:!
[WARNING] Missing character: There is no í™• (U+D655) in font [lmmono10-regular]:!
[WARNING] Missing character: There is no ì¸ (U+C778) in font [lmmono10-regular]:!
[WARNING] Missing character: There is no í•˜ (U+D558) in font [lmmono10-regular]:!
[WARNING] Missing character: There is no ê³  (U+ACE0) in font [lmmono10-regular]:!
[WARNING] Missing character: There is no ê²½ (U+ACBD) in font [lmmono10-regular]:!
[WARNING] Missing character: There is no ë¡œ (U+B85C) in font [lmmono10-regular]:!
[WARNING] Missing character: There is no ê°€ (U+AC00) in font [lmmono10-regular]:!
[WARNING] Missing character: There is no í¬ (U+D3EC) in font [lmmono10-regular]:!
[WARNING] Missing character: There is no í•¨ (U+D568) in font [lmmono10-regular]:!
[WARNING] Missing character: There is no ëœ (U+B41C) in font [lmmono10-regular]:!
[WARNING] Missing character: There is no ê²½ (U+ACBD) in font [lmmono10-regular]:!
[WARNING] Missing character: There is no ìš° (U+C6B0) in font [lmmono10-regular]:!
[WARNING] Missing character: There is no ê²½ (U+ACBD) in font [lmmono10-regular]:!
[WARNING] Missing character: There is no ë¡œ (U+B85C) in font [lmmono10-regular]:!
[WARNING] Missing character: There is no ê°€ (U+AC00) in font [lmmono10-regular]:!
[WARNING] Missing character: There is no ì˜¬ (U+C62C) in font [lmmono10-regular]:!
[WARNING] Missing character: There is no ë°” (U+BC14) in font [lmmono10-regular]:!
[WARNING] Missing character: There is no ë¥¸ (U+B978) in font [lmmono10-regular]:!
[WARNING] Missing character: There is no ì§€ (U+C9C0) in font [lmmono10-regular]:!
[WARNING] Missing character: There is no ê²€ (U+AC80) in font [lmmono10-regular]:!
[WARNING] Missing character: There is no ì¦ (U+C99D) in font [lmmono10-regular]:!
[WARNING] Missing character: There is no í•œ (U+D55C) in font [lmmono10-regular]:!
[WARNING] Missing character: There is no ì˜¤ (U+C624) in font [lmmono10-regular]:!
[WARNING] Missing character: There is no ì˜¤ (U+C624) in font [lmmono10-regular]:!
[WARNING] Missing character: There is no ì˜¤ (U+C624) in font [lmmono10-regular]:!
[WARNING] Missing character: There is no íƒ€ (U+D0C0) in font [lmmono10-regular]:!
[WARNING] Missing character: There is no ë¡œ (U+B85C) in font [lmmono10-regular]:!
[WARNING] Missing character: There is no ì¸ (U+C778) in font [lmmono10-regular]:!
[WARNING] Missing character: There is no í•œ (U+D55C) in font [lmmono10-regular]:!
[WARNING] Missing character: There is no ì— (U+C5D0) in font [lmmono10-regular]:!
[WARNING] Missing character: There is no ëŸ¬ (U+B7EC) in font [lmmono10-regular]:!
[WARNING] Missing character: There is no ë©” (U+BA54) in font [lmmono10-regular]:!
[WARNING] Missing character: There is no ì‹œ (U+C2DC) in font [lmmono10-regular]:!
[WARNING] Missing character: There is no ì§€ (U+C9C0) in font [lmmono10-regular]:!
[WARNING] Missing character: There is no íŒŒ (U+D30C) in font [lmmono10-regular]:!
[WARNING] Missing character: There is no ì´ (U+C774) in font [lmmono10-regular]:!
[WARNING] Missing character: There is no ì¬ (U+C36C) in font [lmmono10-regular]:!
[WARNING] Missing character: There is no ê¼¬ (U+AF2C) in font [lmmono10-regular]:!
[WARNING] Missing character: There is no ê¼¬ (U+AF2C) in font [lmmono10-regular]:!
[WARNING] Missing character: There is no ë§ˆ (U+B9C8) in font [lmmono10-regular]:!
[WARNING] Missing character: There is no íŒŒ (U+D30C) in font [lmmono10-regular]:!
[WARNING] Missing character: There is no ì´ (U+C774) in font [lmmono10-regular]:!
[WARNING] Missing character: There is no ì¬ (U+C36C) in font [lmmono10-regular]:!
[WARNING] Missing character: There is no ê¼¬ (U+AF2C) in font [lmmono10-regular]:!
[WARNING] Missing character: There is no ê¼¬ (U+AF2C) in font [lmmono10-regular]:!
[WARNING] Missing character: There is no ë§ˆ (U+B9C8) in font [lmmono10-regular]:!
[WARNING] Missing character: There is no íŒŒ (U+D30C) in font [lmmono10-regular]:!
[WARNING] Missing character: There is no ì´ (U+C774) in font [lmmono10-regular]:!
[WARNING] Missing character: There is no ì¬ (U+C36C) in font [lmmono10-regular]:!
[WARNING] Missing character: There is no ê¼¬ (U+AF2C) in font [lmmono10-regular]:!
[WARNING] Missing character: There is no ê¼¬ (U+AF2C) in font [lmmono10-regular]:!
[WARNING] Missing character: There is no ë§ˆ (U+B9C8) in font [lmmono10-regular]:!
[WARNING] Missing character: There is no íŒŒ (U+D30C) in font [lmmono10-regular]:!
[WARNING] Missing character: There is no ì´ (U+C774) in font [lmmono10-regular]:!
[WARNING] Missing character: There is no ì¬ (U+C36C) in font [lmmono10-regular]:!
[WARNING] Missing character: There is no ê¼¬ (U+AF2C) in font [lmmono10-regular]:!
[WARNING] Missing character: There is no ê¼¬ (U+AF2C) in font [lmmono10-regular]:!
[WARNING] Missing character: There is no ë§ˆ (U+B9C8) in font [lmmono10-regular]:!
[WARNING] Missing character: There is no ì˜¤ (U+C624) in font [lmmono10-regular]:!
[WARNING] Missing character: There is no ëŠ˜ (U+B298) in font [lmmono10-regular]:!
[WARNING] Missing character: There is no ì˜¤ (U+C624) in font [lmmono10-regular]:!
[WARNING] Missing character: There is no ëŠ˜ (U+B298) in font [lmmono10-regular]:!
[WARNING] Missing character: There is no ì˜¤ (U+C624) in font [lmmono10-regular]:!
[WARNING] Missing character: There is no ëŠ˜ (U+B298) in font [lmmono10-regular]:!
[WARNING] Missing character: There is no ì˜ (U+C758) in font [lmmono10-regular]:!
[WARNING] Missing character: There is no ê¸€ (U+AE00) in font [lmmono10-regular]:!
[WARNING] Missing character: There is no ì„ (U+C744) in font [lmmono10-regular]:!
[WARNING] Missing character: There is no ì  (U+C801) in font [lmmono10-regular]:!
[WARNING] Missing character: There is no ì–´ (U+C5B4) in font [lmmono10-regular]:!
[WARNING] Missing character: There is no ì£¼ (U+C8FC) in font [lmmono10-regular]:!
[WARNING] Missing character: There is no ì„¸ (U+C138) in font [lmmono10-regular]:!
[WARNING] Missing character: There is no ìš” (U+C694) in font [lmmono10-regular]:!
[WARNING] Missing character: There is no ìƒ‰ (U+C0C9) in font [lmmono10-regular]:!
[WARNING] Missing character: There is no ë‹¤ (U+B2E4) in font [lmmono10-regular]:!
[WARNING] Missing character: There is no ë¥¸ (U+B978) in font [lmmono10-regular]:!
[WARNING] Missing character: There is no ê¸° (U+AE30) in font [lmmono10-regular]:!
[WARNING] Missing character: There is no ë¶„ (U+BD84) in font [lmmono10-regular]:!
[WARNING] Missing character: There is no ì´ (U+C774) in font [lmmono10-regular]:!
[WARNING] Missing character: There is no ë‹¤ (U+B2E4) in font [lmmono10-regular]:!
[WARNING] Missing character: There is no ë‚¯ (U+B0AF) in font [lmmono10-regular]:!
[WARNING] Missing character: There is no ì„¤ (U+C124) in font [lmmono10-regular]:!
[WARNING] Missing character: There is no ê³  (U+ACE0) in font [lmmono10-regular]:!
[WARNING] Missing character: There is no ë˜ (U+B610) in font [lmmono10-regular]:!
[WARNING] Missing character: There is no ì‹  (U+C2E0) in font [lmmono10-regular]:!
[WARNING] Missing character: There is no ê¸° (U+AE30) in font [lmmono10-regular]:!
[WARNING] Missing character: There is no í•˜ (U+D558) in font [lmmono10-regular]:!
[WARNING] Missing character: There is no ê¸° (U+AE30) in font [lmmono10-regular]:!
[WARNING] Missing character: There is no ë„ (U+B3C4) in font [lmmono10-regular]:!
[WARNING] Missing character: There is no í•˜ (U+D558) in font [lmmono10-regular]:!
[WARNING] Missing character: There is no ê³  (U+ACE0) in font [lmmono10-regular]:!
[WARNING] Missing character: There is no ì´ (U+C774) in font [lmmono10-regular]:!
[WARNING] Missing character: There is no ê²Œ (U+AC8C) in font [lmmono10-regular]:!
[WARNING] Missing character: There is no ì • (U+C815) in font [lmmono10-regular]:!
[WARNING] Missing character: There is no ë§ (U+B9D0) in font [lmmono10-regular]:!
[WARNING] Missing character: There is no ì € (U+C800) in font [lmmono10-regular]:!
[WARNING] Missing character: There is no ì¥ (U+C7A5) in font [lmmono10-regular]:!
[WARNING] Missing character: There is no ì´ (U+C774) in font [lmmono10-regular]:!
[WARNING] Missing character: There is no ë˜ (U+B418) in font [lmmono10-regular]:!
[WARNING] Missing character: There is no ëŠ” (U+B294) in font [lmmono10-regular]:!
[WARNING] Missing character: There is no ê±¸ (U+AC78) in font [lmmono10-regular]:!
[WARNING] Missing character: There is no ê¹Œ (U+AE4C) in font [lmmono10-regular]:!
[WARNING] Missing character: There is no ì € (U+C800) in font [lmmono10-regular]:!
[WARNING] Missing character: There is no ì¥ (U+C7A5) in font [lmmono10-regular]:!
[WARNING] Missing character: There is no ì € (U+C800) in font [lmmono10-regular]:!
[WARNING] Missing character: There is no ì¥ (U+C7A5) in font [lmmono10-regular]:!
[WARNING] Missing character: There is no ì € (U+C800) in font [lmmono10-regular]:!
[WARNING] Missing character: There is no ì¥ (U+C7A5) in font [lmmono10-regular]:!
[WARNING] Missing character: There is no ì™„ (U+C644) in font [lmmono10-regular]:!
[WARNING] Missing character: There is no ë£Œ (U+B8CC) in font [lmmono10-regular]:!
[WARNING] Missing character: There is no íŒŒ (U+D30C) in font [lmmono10-regular]:!
[WARNING] Missing character: There is no ì¼ (U+C77C) in font [lmmono10-regular]:!
[WARNING] Missing character: There is no ì— (U+C5D0) in font [lmmono10-regular]:!
[WARNING] Missing character: There is no ì„œ (U+C11C) in font [lmmono10-regular]:!
[WARNING] Missing character: There is no í™• (U+D655) in font [lmmono10-regular]:!
[WARNING] Missing character: There is no ì¸ (U+C778) in font [lmmono10-regular]:!
[WARNING] Missing character: There is no í•´ (U+D574) in font [lmmono10-regular]:!
[WARNING] Missing character: There is no ë³´ (U+BCF4) in font [lmmono10-regular]:!
[WARNING] Missing character: There is no ì„¸ (U+C138) in font [lmmono10-regular]:!
[WARNING] Missing character: There is no ìš” (U+C694) in font [lmmono10-regular]:!
[WARNING] Missing character: There is no ğŸ“– (U+1F4D6) in font [lmmono10-regular]:!
[WARNING] Missing character: There is no íŒŒ (U+D30C) in font [lmmono10-regular]:!
[WARNING] Missing character: There is no ì´ (U+C774) in font [lmmono10-regular]:!
[WARNING] Missing character: There is no ì¬ (U+C36C) in font [lmmono10-regular]:!
[WARNING] Missing character: There is no ê¼¬ (U+AF2C) in font [lmmono10-regular]:!
[WARNING] Missing character: There is no ë§ˆ (U+B9C8) in font [lmmono10-regular]:!
[WARNING] Missing character: There is no íŒŒ (U+D30C) in font [lmmono10-regular]:!
[WARNING] Missing character: There is no ì´ (U+C774) in font [lmmono10-regular]:!
[WARNING] Missing character: There is no ì¬ (U+C36C) in font [lmmono10-regular]:!
[WARNING] Missing character: There is no ê¼¬ (U+AF2C) in font [lmmono10-regular]:!
[WARNING] Missing character: There is no ê¼¬ (U+AF2C) in font [lmmono10-regular]:!
[WARNING] Missing character: There is no ë§ˆ (U+B9C8) in font [lmmono10-regular]:!

âœ… PDF ë³€í™˜ ì™„ë£Œ! 'MyDiary.pdf' íŒŒì¼ì„ í™•ì¸í•˜ì„¸ìš”.
â±ï¸ ì „ì²´ ì‹¤í–‰ ì‹œê°„: 46.03ì´ˆ
PS C:\Users\YOONYOO\Desktop\íŒŒì´ì¬ê¼¬ê¼¬ë§ˆ> Python 250923_upgradejournal.py
ğŸš€ PDF ë³€í™˜ ì‹œì‘!
ğŸ“ journals í´ë” í™•ì¸ ì¤‘...
ğŸ“„ .md íŒŒì¼ ë¶ˆëŸ¬ì˜¤ëŠ” ì¤‘...
ğŸ§¾ í‘œì§€ ìƒì„± ì¤‘...
âœ… í‘œì§€ ìƒì„± ì™„ë£Œ!
ğŸ“¦ íŒŒì¼ ë³‘í•© ì¤‘...
ğŸ“„ ë³‘í•© ì§„í–‰: 100%|â–ˆâ–ˆâ–ˆâ–ˆâ–ˆâ–ˆâ–ˆâ–ˆâ–ˆâ–ˆâ–ˆâ–ˆâ–ˆâ–ˆâ–ˆâ–ˆâ–ˆâ–ˆâ–ˆâ–ˆâ–ˆâ–ˆâ–ˆâ–ˆâ–ˆâ–ˆâ–ˆâ–ˆâ–ˆâ–ˆâ–ˆâ–ˆâ–ˆâ–ˆâ–ˆâ–ˆâ–ˆâ–ˆâ–ˆâ–ˆâ–ˆâ–ˆâ–ˆâ–ˆâ–ˆâ–ˆâ–ˆâ–ˆâ–ˆâ–ˆâ–ˆâ–ˆâ–ˆâ–ˆâ–ˆâ–ˆâ–ˆâ–ˆ| 4/4 [00:00<00:00, 257.59it/s]
âœ… íŒŒì¼ ë³‘í•© ì™„ë£Œ!
ğŸ–¨ï¸ PDF ë³€í™˜ ì¤‘ (ì ì‹œ ê¸°ë‹¤ë ¤ì£¼ì„¸ìš”)...
[WARNING] Missing character: There is no ì—¬ (U+C5EC) in font [lmmono10-regular]:!
[WARNING] Missing character: There is no ì—¬ (U+C5EC) in font [lmmono10-regular]:!
[WARNING] Missing character: There is no ì—¬ (U+C5EC) in font [lmmono10-regular]:!
[WARNING] Missing character: There is no ëŸ¬ (U+B7EC) in font [lmmono10-regular]:!
[WARNING] Missing character: There is no í´ (U+D3F4) in font [lmmono10-regular]:!
[WARNING] Missing character: There is no ë” (U+B354) in font [lmmono10-regular]:!
[WARNING] Missing character: There is no íŒŒ (U+D30C) in font [lmmono10-regular]:!
[WARNING] Missing character: There is no ì¼ (U+C77C) in font [lmmono10-regular]:!
[WARNING] Missing character: There is no ëª© (U+BAA9) in font [lmmono10-regular]:!
[WARNING] Missing character: There is no ë¡ (U+B85D) in font [lmmono10-regular]:!
[WARNING] Missing character: There is no ìš© (U+C6A9) in font [lmmono10-regular]:!
[WARNING] Missing character: There is no ì–´ (U+C5B4) in font [lmmono10-regular]:!
[WARNING] Missing character: There is no ê°€ (U+AC00) in font [lmmono10-regular]:!
[WARNING] Missing character: There is no í•¨ (U+D568) in font [lmmono10-regular]:!
[WARNING] Missing character: There is no ìˆ˜ (U+C218) in font [lmmono10-regular]:!
[WARNING] Missing character: There is no ìŠ¤ (U+C2A4) in font [lmmono10-regular]:!
[WARNING] Missing character: There is no í¬ (U+D06C) in font [lmmono10-regular]:!
[WARNING] Missing character: There is no ë¦½ (U+B9BD) in font [lmmono10-regular]:!
[WARNING] Missing character: There is no íŠ¸ (U+D2B8) in font [lmmono10-regular]:!
[WARNING] Missing character: There is no íŒŒ (U+D30C) in font [lmmono10-regular]:!
[WARNING] Missing character: There is no ì¼ (U+C77C) in font [lmmono10-regular]:!
[WARNING] Missing character: There is no ë˜ (U+B610) in font [lmmono10-regular]:!
[WARNING] Missing character: There is no ëŠ” (U+B294) in font [lmmono10-regular]:!
[WARNING] Missing character: There is no ì‹¤ (U+C2E4) in font [lmmono10-regular]:!
[WARNING] Missing character: There is no í–‰ (U+D589) in font [lmmono10-regular]:!
[WARNING] Missing character: There is no í•  (U+D560) in font [lmmono10-regular]:!
[WARNING] Missing character: There is no ìˆ˜ (U+C218) in font [lmmono10-regular]:!
[WARNING] Missing character: There is no ìˆ (U+C788) in font [lmmono10-regular]:!
[WARNING] Missing character: There is no ëŠ” (U+B294) in font [lmmono10-regular]:!
[WARNING] Missing character: There is no ì´ (U+C774) in font [lmmono10-regular]:!
[WARNING] Missing character: There is no ë¦„ (U+B984) in font [lmmono10-regular]:!
[WARNING] Missing character: There is no ì´ (U+C774) in font [lmmono10-regular]:!
[WARNING] Missing character: There is no ì • (U+C815) in font [lmmono10-regular]:!
[WARNING] Missing character: There is no í™• (U+D655) in font [lmmono10-regular]:!
[WARNING] Missing character: There is no í•œ (U+D55C) in font [lmmono10-regular]:!
[WARNING] Missing character: There is no ì§€ (U+C9C0) in font [lmmono10-regular]:!
[WARNING] Missing character: There is no í™• (U+D655) in font [lmmono10-regular]:!
[WARNING] Missing character: There is no ì¸ (U+C778) in font [lmmono10-regular]:!
[WARNING] Missing character: There is no í•˜ (U+D558) in font [lmmono10-regular]:!
[WARNING] Missing character: There is no ê³  (U+ACE0) in font [lmmono10-regular]:!
[WARNING] Missing character: There is no ê²½ (U+ACBD) in font [lmmono10-regular]:!
[WARNING] Missing character: There is no ë¡œ (U+B85C) in font [lmmono10-regular]:!
[WARNING] Missing character: There is no ê°€ (U+AC00) in font [lmmono10-regular]:!
[WARNING] Missing character: There is no í¬ (U+D3EC) in font [lmmono10-regular]:!
[WARNING] Missing character: There is no í•¨ (U+D568) in font [lmmono10-regular]:!
[WARNING] Missing character: There is no ëœ (U+B41C) in font [lmmono10-regular]:!
[WARNING] Missing character: There is no ê²½ (U+ACBD) in font [lmmono10-regular]:!
[WARNING] Missing character: There is no ìš° (U+C6B0) in font [lmmono10-regular]:!
[WARNING] Missing character: There is no ê²½ (U+ACBD) in font [lmmono10-regular]:!
[WARNING] Missing character: There is no ë¡œ (U+B85C) in font [lmmono10-regular]:!
[WARNING] Missing character: There is no ê°€ (U+AC00) in font [lmmono10-regular]:!
[WARNING] Missing character: There is no ì˜¬ (U+C62C) in font [lmmono10-regular]:!
[WARNING] Missing character: There is no ë°” (U+BC14) in font [lmmono10-regular]:!
[WARNING] Missing character: There is no ë¥¸ (U+B978) in font [lmmono10-regular]:!
[WARNING] Missing character: There is no ì§€ (U+C9C0) in font [lmmono10-regular]:!
[WARNING] Missing character: There is no ê²€ (U+AC80) in font [lmmono10-regular]:!
[WARNING] Missing character: There is no ì¦ (U+C99D) in font [lmmono10-regular]:!
[WARNING] Missing character: There is no í•œ (U+D55C) in font [lmmono10-regular]:!
[WARNING] Missing character: There is no ì˜¤ (U+C624) in font [lmmono10-regular]:!
[WARNING] Missing character: There is no ì˜¤ (U+C624) in font [lmmono10-regular]:!
[WARNING] Missing character: There is no ì˜¤ (U+C624) in font [lmmono10-regular]:!
[WARNING] Missing character: There is no íƒ€ (U+D0C0) in font [lmmono10-regular]:!
[WARNING] Missing character: There is no ë¡œ (U+B85C) in font [lmmono10-regular]:!
[WARNING] Missing character: There is no ì¸ (U+C778) in font [lmmono10-regular]:!
[WARNING] Missing character: There is no í•œ (U+D55C) in font [lmmono10-regular]:!
[WARNING] Missing character: There is no ì— (U+C5D0) in font [lmmono10-regular]:!
[WARNING] Missing character: There is no ëŸ¬ (U+B7EC) in font [lmmono10-regular]:!
[WARNING] Missing character: There is no ë©” (U+BA54) in font [lmmono10-regular]:!
[WARNING] Missing character: There is no ì‹œ (U+C2DC) in font [lmmono10-regular]:!
[WARNING] Missing character: There is no ì§€ (U+C9C0) in font [lmmono10-regular]:!
[WARNING] Missing character: There is no íŒŒ (U+D30C) in font [lmmono10-regular]:!
[WARNING] Missing character: There is no ì´ (U+C774) in font [lmmono10-regular]:!
[WARNING] Missing character: There is no ì¬ (U+C36C) in font [lmmono10-regular]:!
[WARNING] Missing character: There is no ê¼¬ (U+AF2C) in font [lmmono10-regular]:!
[WARNING] Missing character: There is no ê¼¬ (U+AF2C) in font [lmmono10-regular]:!
[WARNING] Missing character: There is no ë§ˆ (U+B9C8) in font [lmmono10-regular]:!
[WARNING] Missing character: There is no íŒŒ (U+D30C) in font [lmmono10-regular]:!
[WARNING] Missing character: There is no ì´ (U+C774) in font [lmmono10-regular]:!
[WARNING] Missing character: There is no ì¬ (U+C36C) in font [lmmono10-regular]:!
[WARNING] Missing character: There is no ê¼¬ (U+AF2C) in font [lmmono10-regular]:!
[WARNING] Missing character: There is no ê¼¬ (U+AF2C) in font [lmmono10-regular]:!
[WARNING] Missing character: There is no ë§ˆ (U+B9C8) in font [lmmono10-regular]:!
[WARNING] Missing character: There is no íŒŒ (U+D30C) in font [lmmono10-regular]:!
[WARNING] Missing character: There is no ì´ (U+C774) in font [lmmono10-regular]:!
[WARNING] Missing character: There is no ì¬ (U+C36C) in font [lmmono10-regular]:!
[WARNING] Missing character: There is no ê¼¬ (U+AF2C) in font [lmmono10-regular]:!
[WARNING] Missing character: There is no ê¼¬ (U+AF2C) in font [lmmono10-regular]:!
[WARNING] Missing character: There is no ë§ˆ (U+B9C8) in font [lmmono10-regular]:!
[WARNING] Missing character: There is no íŒŒ (U+D30C) in font [lmmono10-regular]:!
[WARNING] Missing character: There is no ì´ (U+C774) in font [lmmono10-regular]:!
[WARNING] Missing character: There is no ì¬ (U+C36C) in font [lmmono10-regular]:!
[WARNING] Missing character: There is no ê¼¬ (U+AF2C) in font [lmmono10-regular]:!
[WARNING] Missing character: There is no ê¼¬ (U+AF2C) in font [lmmono10-regular]:!
[WARNING] Missing character: There is no ë§ˆ (U+B9C8) in font [lmmono10-regular]:!
[WARNING] Missing character: There is no ì˜¤ (U+C624) in font [lmmono10-regular]:!
[WARNING] Missing character: There is no ëŠ˜ (U+B298) in font [lmmono10-regular]:!
[WARNING] Missing character: There is no ì˜¤ (U+C624) in font [lmmono10-regular]:!
[WARNING] Missing character: There is no ëŠ˜ (U+B298) in font [lmmono10-regular]:!
[WARNING] Missing character: There is no ì˜¤ (U+C624) in font [lmmono10-regular]:!
[WARNING] Missing character: There is no ëŠ˜ (U+B298) in font [lmmono10-regular]:!
[WARNING] Missing character: There is no ì˜ (U+C758) in font [lmmono10-regular]:!
[WARNING] Missing character: There is no ê¸€ (U+AE00) in font [lmmono10-regular]:!
[WARNING] Missing character: There is no ì„ (U+C744) in font [lmmono10-regular]:!
[WARNING] Missing character: There is no ì  (U+C801) in font [lmmono10-regular]:!
[WARNING] Missing character: There is no ì–´ (U+C5B4) in font [lmmono10-regular]:!
[WARNING] Missing character: There is no ì£¼ (U+C8FC) in font [lmmono10-regular]:!
[WARNING] Missing character: There is no ì„¸ (U+C138) in font [lmmono10-regular]:!
[WARNING] Missing character: There is no ìš” (U+C694) in font [lmmono10-regular]:!
[WARNING] Missing character: There is no ìƒ‰ (U+C0C9) in font [lmmono10-regular]:!
[WARNING] Missing character: There is no ë‹¤ (U+B2E4) in font [lmmono10-regular]:!
[WARNING] Missing character: There is no ë¥¸ (U+B978) in font [lmmono10-regular]:!
[WARNING] Missing character: There is no ê¸° (U+AE30) in font [lmmono10-regular]:!
[WARNING] Missing character: There is no ë¶„ (U+BD84) in font [lmmono10-regular]:!
[WARNING] Missing character: There is no ì´ (U+C774) in font [lmmono10-regular]:!
[WARNING] Missing character: There is no ë‹¤ (U+B2E4) in font [lmmono10-regular]:!
[WARNING] Missing character: There is no ë‚¯ (U+B0AF) in font [lmmono10-regular]:!
[WARNING] Missing character: There is no ì„¤ (U+C124) in font [lmmono10-regular]:!
[WARNING] Missing character: There is no ê³  (U+ACE0) in font [lmmono10-regular]:!
[WARNING] Missing character: There is no ë˜ (U+B610) in font [lmmono10-regular]:!
[WARNING] Missing character: There is no ì‹  (U+C2E0) in font [lmmono10-regular]:!
[WARNING] Missing character: There is no ê¸° (U+AE30) in font [lmmono10-regular]:!
[WARNING] Missing character: There is no í•˜ (U+D558) in font [lmmono10-regular]:!
[WARNING] Missing character: There is no ê¸° (U+AE30) in font [lmmono10-regular]:!
[WARNING] Missing character: There is no ë„ (U+B3C4) in font [lmmono10-regular]:!
[WARNING] Missing character: There is no í•˜ (U+D558) in font [lmmono10-regular]:!
[WARNING] Missing character: There is no ê³  (U+ACE0) in font [lmmono10-regular]:!
[WARNING] Missing character: There is no ì´ (U+C774) in font [lmmono10-regular]:!
[WARNING] Missing character: There is no ê²Œ (U+AC8C) in font [lmmono10-regular]:!
[WARNING] Missing character: There is no ì • (U+C815) in font [lmmono10-regular]:!
[WARNING] Missing character: There is no ë§ (U+B9D0) in font [lmmono10-regular]:!
[WARNING] Missing character: There is no ì € (U+C800) in font [lmmono10-regular]:!
[WARNING] Missing character: There is no ì¥ (U+C7A5) in font [lmmono10-regular]:!
[WARNING] Missing character: There is no ì´ (U+C774) in font [lmmono10-regular]:!
[WARNING] Missing character: There is no ë˜ (U+B418) in font [lmmono10-regular]:!
[WARNING] Missing character: There is no ëŠ” (U+B294) in font [lmmono10-regular]:!
[WARNING] Missing character: There is no ê±¸ (U+AC78) in font [lmmono10-regular]:!
[WARNING] Missing character: There is no ê¹Œ (U+AE4C) in font [lmmono10-regular]:!
[WARNING] Missing character: There is no ì € (U+C800) in font [lmmono10-regular]:!
[WARNING] Missing character: There is no ì¥ (U+C7A5) in font [lmmono10-regular]:!
[WARNING] Missing character: There is no ì € (U+C800) in font [lmmono10-regular]:!
[WARNING] Missing character: There is no ì¥ (U+C7A5) in font [lmmono10-regular]:!
[WARNING] Missing character: There is no ì € (U+C800) in font [lmmono10-regular]:!
[WARNING] Missing character: There is no ì¥ (U+C7A5) in font [lmmono10-regular]:!
[WARNING] Missing character: There is no ì™„ (U+C644) in font [lmmono10-regular]:!
[WARNING] Missing character: There is no ë£Œ (U+B8CC) in font [lmmono10-regular]:!
[WARNING] Missing character: There is no íŒŒ (U+D30C) in font [lmmono10-regular]:!
[WARNING] Missing character: There is no ì¼ (U+C77C) in font [lmmono10-regular]:!
[WARNING] Missing character: There is no ì— (U+C5D0) in font [lmmono10-regular]:!
[WARNING] Missing character: There is no ì„œ (U+C11C) in font [lmmono10-regular]:!
[WARNING] Missing character: There is no í™• (U+D655) in font [lmmono10-regular]:!
[WARNING] Missing character: There is no ì¸ (U+C778) in font [lmmono10-regular]:!
[WARNING] Missing character: There is no í•´ (U+D574) in font [lmmono10-regular]:!
[WARNING] Missing character: There is no ë³´ (U+BCF4) in font [lmmono10-regular]:!
[WARNING] Missing character: There is no ì„¸ (U+C138) in font [lmmono10-regular]:!
[WARNING] Missing character: There is no ìš” (U+C694) in font [lmmono10-regular]:!
[WARNING] Missing character: There is no ğŸ“– (U+1F4D6) in font [lmmono10-regular]:!
[WARNING] Missing character: There is no íŒŒ (U+D30C) in font [lmmono10-regular]:!
[WARNING] Missing character: There is no ì´ (U+C774) in font [lmmono10-regular]:!
[WARNING] Missing character: There is no ì¬ (U+C36C) in font [lmmono10-regular]:!
[WARNING] Missing character: There is no ê¼¬ (U+AF2C) in font [lmmono10-regular]:!
[WARNING] Missing character: There is no ë§ˆ (U+B9C8) in font [lmmono10-regular]:!
[WARNING] Missing character: There is no íŒŒ (U+D30C) in font [lmmono10-regular]:!
[WARNING] Missing character: There is no ì´ (U+C774) in font [lmmono10-regular]:!
[WARNING] Missing character: There is no ì¬ (U+C36C) in font [lmmono10-regular]:!
[WARNING] Missing character: There is no ê¼¬ (U+AF2C) in font [lmmono10-regular]:!
[WARNING] Missing character: There is no ê¼¬ (U+AF2C) in font [lmmono10-regular]:!
[WARNING] Missing character: There is no ë§ˆ (U+B9C8) in font [lmmono10-regular]:!

ğŸ–¨ï¸ PDF í™•ì¸í•´ìš”...
âœ… PDF ë³€í™˜ ì™„ë£Œ! 'MyDiary.pdf' íŒŒì¼ì„ í™•ì¸í•˜ì„¸ìš”.
â±ï¸ ì „ì²´ ì‹¤í–‰ ì‹œê°„: 34.79ì´ˆ
PS C:\Users\YOONYOO\Desktop\íŒŒì´ì¬ê¼¬ê¼¬ë§ˆ> Python 250923_upgradejournal.py
ğŸš€ PDF ë³€í™˜ ì‹œì‘!
ğŸ“ journals í´ë” í™•ì¸ ì¤‘...
ğŸ“„ .md íŒŒì¼ ë¶ˆëŸ¬ì˜¤ëŠ” ì¤‘...
ğŸ§¾ í‘œì§€ ìƒì„± ì¤‘...
âœ… í‘œì§€ ìƒì„± ì™„ë£Œ!
ğŸ“¦ íŒŒì¼ ë³‘í•© ì¤‘...
ğŸ“„ ë³‘í•© ì§„í–‰: 100%|â–ˆâ–ˆâ–ˆâ–ˆâ–ˆâ–ˆâ–ˆâ–ˆâ–ˆâ–ˆâ–ˆâ–ˆâ–ˆâ–ˆâ–ˆâ–ˆâ–ˆâ–ˆâ–ˆâ–ˆâ–ˆâ–ˆâ–ˆâ–ˆâ–ˆâ–ˆâ–ˆâ–ˆâ–ˆâ–ˆâ–ˆâ–ˆâ–ˆâ–ˆâ–ˆâ–ˆâ–ˆâ–ˆâ–ˆâ–ˆâ–ˆâ–ˆâ–ˆâ–ˆâ–ˆâ–ˆâ–ˆâ–ˆâ–ˆâ–ˆâ–ˆâ–ˆâ–ˆâ–ˆâ–ˆâ–ˆâ–ˆâ–ˆ| 2/2 [00:00<00:00, 911.31it/s]
âœ… íŒŒì¼ ë³‘í•© ì™„ë£Œ!
ğŸ–¨ï¸ PDF ë³€í™˜ ì¤‘ (ì ì‹œ ê¸°ë‹¤ë ¤ì£¼ì„¸ìš”)...
ğŸ–¨ï¸ PDF í™•ì¸í•´ìš”...
âœ… PDF ë³€í™˜ ì™„ë£Œ! 'MyDiary.pdf' íŒŒì¼ì„ í™•ì¸í•˜ì„¸ìš”.
â±ï¸ ì „ì²´ ì‹¤í–‰ ì‹œê°„: 53.63ì´ˆ

- 
ë“œë””ì–´ ë‚˜ë¦„ ì„±ê³µ!!!!!!!!!!! ì•¼í˜¸ì•¼í˜¸ì•¼í˜¸